<!doctype html public "-//w3c//dtd html 4.0 transitional//en">
<html><head>
<title>Static Call Graph - [.\BUILD\mbed-os-example-blinky.axf]</title></head>
<body><HR>
<H1>Static Call Graph for image .\BUILD\mbed-os-example-blinky.axf</H1><HR>
<BR><P>#&#060CALLGRAPH&#062# ARM Linker, 6160001: Last Updated: Wed Dec  1 12:07:37 2021
<BR><P>
<H3>Maximum Stack Usage =       1272 bytes + Unknown(Cycles, Untraceable Function Pointers)</H3><H3>
Call chain for Maximum Stack Depth:</H3>
mbed_start &rArr; main &rArr; Adafruit_GPS::Adafruit_GPS(mbed::UnbufferedSerial*) &rArr; mbed::Stream::Stream__sub_object(char const*) &rArr; mbed::fdopen(mbed::FileHandle*, char const*) &rArr; fdopen &rArr; fopen &rArr; _freopen_locked &rArr; _sys_open &rArr; open &rArr; mbed::FilePath::FilePath(char const*) &rArr; mbed::FileBase::lookup(char const*, unsigned int) &rArr; rtos::Mutex::lock() &rArr; mbed_error &rArr; mbed_halt_system &rArr; mbed_die &rArr; gpio_init_out &rArr; gpio_init_out_ex &rArr; _gpio_init_out &rArr; gpio_init &rArr; gpio_set &rArr; pin_function &rArr; Set_GPIO_Clock &rArr; error &rArr;  mbed_halt_system (Cycle)
<P>
<H3>
Mutually Recursive functions
</H3> <LI><a href="#[1c8]">mbed_assert_internal</a>&nbsp;&nbsp;&nbsp;&rArr;&nbsp;&nbsp;&nbsp;<a href="#[28f]">mbed_error</a><BR>
 <LI><a href="#[162]">trap_rtx_error</a>&nbsp;&nbsp;&nbsp;&rArr;&nbsp;&nbsp;&nbsp;<a href="#[28f]">mbed_error</a><BR>
 <LI><a href="#[2e9]">osRtxErrorNotify</a>&nbsp;&nbsp;&nbsp;&rArr;&nbsp;&nbsp;&nbsp;<a href="#[28f]">mbed_error</a><BR>
 <LI><a href="#[1cb]">error</a>&nbsp;&nbsp;&nbsp;&rArr;&nbsp;&nbsp;&nbsp;<a href="#[317]">mbed_halt_system</a><BR>
 <LI><a href="#[348]">initialize</a>&nbsp;&nbsp;&nbsp;&rArr;&nbsp;&nbsp;&nbsp;<a href="#[28f]">mbed_error</a><BR>
 <LI><a href="#[12f]">_sys_write</a>&nbsp;&nbsp;&nbsp;&rArr;&nbsp;&nbsp;&nbsp;<a href="#[28f]">mbed_error</a><BR>
 <LI><a href="#[3]">NMI_Handler</a>&nbsp;&nbsp;&nbsp;&rArr;&nbsp;&nbsp;&nbsp;<a href="#[3]">NMI_Handler</a><BR>
 <LI><a href="#[14]">ADC1_COMP_IRQHandler</a>&nbsp;&nbsp;&nbsp;&rArr;&nbsp;&nbsp;&nbsp;<a href="#[14]">ADC1_COMP_IRQHandler</a><BR>
 <LI><a href="#[135]">_sys_exit</a>&nbsp;&nbsp;&nbsp;&rArr;&nbsp;&nbsp;&nbsp;<a href="#[135]">_sys_exit</a><BR>
</UL>
<P>
<H3>
Function Pointers
</H3><UL>
 <LI><a href="#[14]">ADC1_COMP_IRQHandler</a> from .\build\startup_stm32l072xx.o(.text) referenced from .\build\startup_stm32l072xx.o(RESET)
 <LI><a href="#[11]">DMA1_Channel1_IRQHandler</a> from .\build\startup_stm32l072xx.o(.text) referenced from .\build\startup_stm32l072xx.o(RESET)
 <LI><a href="#[12]">DMA1_Channel2_3_IRQHandler</a> from .\build\startup_stm32l072xx.o(.text) referenced from .\build\startup_stm32l072xx.o(RESET)
 <LI><a href="#[13]">DMA1_Channel4_5_6_7_IRQHandler</a> from .\build\startup_stm32l072xx.o(.text) referenced from .\build\startup_stm32l072xx.o(RESET)
 <LI><a href="#[d]">EXTI0_1_IRQHandler</a> from .\build\startup_stm32l072xx.o(.text) referenced from .\build\startup_stm32l072xx.o(RESET)
 <LI><a href="#[e]">EXTI2_3_IRQHandler</a> from .\build\startup_stm32l072xx.o(.text) referenced from .\build\startup_stm32l072xx.o(RESET)
 <LI><a href="#[f]">EXTI4_15_IRQHandler</a> from .\build\startup_stm32l072xx.o(.text) referenced from .\build\startup_stm32l072xx.o(RESET)
 <LI><a href="#[b]">FLASH_IRQHandler</a> from .\build\startup_stm32l072xx.o(.text) referenced from .\build\startup_stm32l072xx.o(RESET)
 <LI><a href="#[4]">HardFault_Handler</a> from .\build\except.o(.text) referenced from .\build\startup_stm32l072xx.o(RESET)
 <LI><a href="#[1e]">I2C1_IRQHandler</a> from .\build\startup_stm32l072xx.o(.text) referenced from .\build\startup_stm32l072xx.o(RESET)
 <LI><a href="#[1f]">I2C2_IRQHandler</a> from .\build\startup_stm32l072xx.o(.text) referenced from .\build\startup_stm32l072xx.o(RESET)
 <LI><a href="#[1c]">I2C3_IRQHandler</a> from .\build\startup_stm32l072xx.o(.text) referenced from .\build\startup_stm32l072xx.o(RESET)
 <LI><a href="#[2d]">I2C_DMAAbort</a> from .\build\stm32l0xx_hal_i2c.o(.text.I2C_DMAAbort) referenced from .\build\stm32l0xx_hal_i2c.o(.text.HAL_I2C_Slave_Seq_Receive_IT)
 <LI><a href="#[2d]">I2C_DMAAbort</a> from .\build\stm32l0xx_hal_i2c.o(.text.I2C_DMAAbort) referenced from .\build\stm32l0xx_hal_i2c.o(.text.I2C_ITError)
 <LI><a href="#[2f]">I2C_Master_ISR_DMA</a> from .\build\stm32l0xx_hal_i2c.o(.text.I2C_Master_ISR_DMA) referenced from .\build\stm32l0xx_hal_i2c.o(.text.I2C_Enable_IRQ)
 <LI><a href="#[2c]">I2C_Master_ISR_IT</a> from .\build\stm32l0xx_hal_i2c.o(.text.I2C_Master_ISR_IT) referenced from .\build\stm32l0xx_hal_i2c.o(.text.HAL_I2C_Master_Seq_Transmit_IT)
 <LI><a href="#[30]">I2C_Slave_ISR_DMA</a> from .\build\stm32l0xx_hal_i2c.o(.text.I2C_Slave_ISR_DMA) referenced from .\build\stm32l0xx_hal_i2c.o(.text.I2C_Enable_IRQ)
 <LI><a href="#[2e]">I2C_Slave_ISR_IT</a> from .\build\stm32l0xx_hal_i2c.o(.text.I2C_Slave_ISR_IT) referenced from .\build\stm32l0xx_hal_i2c.o(.text.HAL_I2C_Slave_Seq_Receive_IT)
 <LI><a href="#[2e]">I2C_Slave_ISR_IT</a> from .\build\stm32l0xx_hal_i2c.o(.text.I2C_Slave_ISR_IT) referenced from .\build\stm32l0xx_hal_i2c.o(.text.I2C_ITError)
 <LI><a href="#[15]">LPTIM1_IRQHandler</a> from .\build\startup_stm32l072xx.o(.text) referenced from .\build\startup_stm32l072xx.o(RESET)
 <LI><a href="#[39]">LPTIM_IRQHandler</a> from .\build\lp_ticker.o(.text.LPTIM_IRQHandler) referenced from .\build\lp_ticker.o(.text.__NVIC_SetVector)
 <LI><a href="#[3]">NMI_Handler</a> from .\build\startup_stm32l072xx.o(.text) referenced from .\build\startup_stm32l072xx.o(RESET)
 <LI><a href="#[9]">PVD_IRQHandler</a> from .\build\startup_stm32l072xx.o(.text) referenced from .\build\startup_stm32l072xx.o(RESET)
 <LI><a href="#[6]">PendSV_Handler</a> from .\build\irq_cm0.o(.text) referenced from .\build\startup_stm32l072xx.o(RESET)
 <LI><a href="#[c]">RCC_CRS_IRQHandler</a> from .\build\startup_stm32l072xx.o(.text) referenced from .\build\startup_stm32l072xx.o(RESET)
 <LI><a href="#[24]">RNG_LPUART1_IRQHandler</a> from .\build\startup_stm32l072xx.o(.text) referenced from .\build\startup_stm32l072xx.o(RESET)
 <LI><a href="#[a]">RTC_IRQHandler</a> from .\build\startup_stm32l072xx.o(.text) referenced from .\build\startup_stm32l072xx.o(RESET)
 <LI><a href="#[2]">Reset_Handler</a> from .\build\startup_stm32l072xx.o(.text) referenced from .\build\startup_stm32l072xx.o(RESET)
 <LI><a href="#[20]">SPI1_IRQHandler</a> from .\build\startup_stm32l072xx.o(.text) referenced from .\build\startup_stm32l072xx.o(RESET)
 <LI><a href="#[21]">SPI2_IRQHandler</a> from .\build\startup_stm32l072xx.o(.text) referenced from .\build\startup_stm32l072xx.o(RESET)
 <LI><a href="#[5]">SVC_Handler</a> from .\build\irq_cm0.o(.text) referenced from .\build\startup_stm32l072xx.o(RESET)
 <LI><a href="#[7]">SysTick_Handler</a> from .\build\irq_cm0.o(.text) referenced from .\build\rtx_kernel.o(.text.svcRtxKernelStart)
 <LI><a href="#[7]">SysTick_Handler</a> from .\build\irq_cm0.o(.text) referenced from .\build\startup_stm32l072xx.o(RESET)
 <LI><a href="#[26]">SystemInit</a> from .\build\system_stm32l0xx.o(.text.SystemInit) referenced from .\build\startup_stm32l072xx.o(.text)
 <LI><a href="#[1b]">TIM21_IRQHandler</a> from .\build\startup_stm32l072xx.o(.text) referenced from .\build\startup_stm32l072xx.o(RESET)
 <LI><a href="#[1d]">TIM22_IRQHandler</a> from .\build\startup_stm32l072xx.o(.text) referenced from .\build\startup_stm32l072xx.o(RESET)
 <LI><a href="#[17]">TIM2_IRQHandler</a> from .\build\startup_stm32l072xx.o(.text) referenced from .\build\startup_stm32l072xx.o(RESET)
 <LI><a href="#[18]">TIM3_IRQHandler</a> from .\build\startup_stm32l072xx.o(.text) referenced from .\build\startup_stm32l072xx.o(RESET)
 <LI><a href="#[19]">TIM6_DAC_IRQHandler</a> from .\build\startup_stm32l072xx.o(.text) referenced from .\build\startup_stm32l072xx.o(RESET)
 <LI><a href="#[1a]">TIM7_IRQHandler</a> from .\build\startup_stm32l072xx.o(.text) referenced from .\build\startup_stm32l072xx.o(RESET)
 <LI><a href="#[10]">TSC_IRQHandler</a> from .\build\startup_stm32l072xx.o(.text) referenced from .\build\startup_stm32l072xx.o(RESET)
 <LI><a href="#[22]">USART1_IRQHandler</a> from .\build\startup_stm32l072xx.o(.text) referenced from .\build\startup_stm32l072xx.o(RESET)
 <LI><a href="#[23]">USART2_IRQHandler</a> from .\build\startup_stm32l072xx.o(.text) referenced from .\build\startup_stm32l072xx.o(RESET)
 <LI><a href="#[16]">USART4_5_IRQHandler</a> from .\build\startup_stm32l072xx.o(.text) referenced from .\build\startup_stm32l072xx.o(RESET)
 <LI><a href="#[25]">USB_IRQHandler</a> from .\build\startup_stm32l072xx.o(.text) referenced from .\build\startup_stm32l072xx.o(RESET)
 <LI><a href="#[8]">WWDG_IRQHandler</a> from .\build\startup_stm32l072xx.o(.text) referenced from .\build\startup_stm32l072xx.o(RESET)
 <LI><a href="#[c7]">_GLOBAL__sub_I_main.cpp</a> from .\build\main.o(.text._GLOBAL__sub_I_main.cpp) referenced from .\build\main.o(.init_array)
 <LI><a href="#[41]">button_isr()</a> from .\build\main.o(.text._Z10button_isrv) referenced from .\build\main.o(.text.main)
 <LI><a href="#[0]">default_idle_hook()</a> from .\build\mbed_rtx_idle.o(.text._ZL17default_idle_hookv) referenced 2 times from .\build\mbed_rtx_idle.o(.data._ZL14idle_hook_fptr)
 <LI><a href="#[31]">rtos_event_pending(void*)</a> from .\build\mbed_rtx_idle.o(.text._ZL18rtos_event_pendingPv) referenced from .\build\mbed_rtx_idle.o(.text._ZL17default_idle_hookv)
 <LI><a href="#[74]">Adafruit_GPS::_getc()</a> from .\build\mbed_adafruit_gps.o(.text._ZN12Adafruit_GPS5_getcEv) referenced from .\build\mbed_adafruit_gps.o(.rodata._ZTV12Adafruit_GPS)
 <LI><a href="#[73]">Adafruit_GPS::_putc(int)</a> from .\build\mbed_adafruit_gps.o(.text._ZN12Adafruit_GPS5_putcEi) referenced from .\build\mbed_adafruit_gps.o(.rodata._ZTV12Adafruit_GPS)
 <LI><a href="#[62]">Adafruit_GPS::~Adafruit_GPS__deallocating()</a> from .\build\mbed_adafruit_gps.o(.text._ZN12Adafruit_GPSD0Ev) referenced from .\build\mbed_adafruit_gps.o(.rodata._ZTV12Adafruit_GPS)
 <LI><a href="#[7b]">DirectSerial::read(void*, unsigned int)</a> from .\build\mbed_retarget.o(.text._ZN12DirectSerial4readEPvj) referenced from .\build\mbed_retarget.o(.rodata._ZTV12DirectSerial)
 <LI><a href="#[7d]">DirectSerial::seek(long, int)</a> from .\build\mbed_retarget.o(.text._ZN12DirectSerial4seekEli) referenced from .\build\mbed_retarget.o(.rodata._ZTV12DirectSerial)
 <LI><a href="#[83]">DirectSerial::size()</a> from .\build\mbed_retarget.o(.text._ZN12DirectSerial4sizeEv) referenced from .\build\mbed_retarget.o(.rodata._ZTV12DirectSerial)
 <LI><a href="#[7e]">DirectSerial::close()</a> from .\build\mbed_retarget.o(.text._ZN12DirectSerial5closeEv) referenced from .\build\mbed_retarget.o(.rodata._ZTV12DirectSerial)
 <LI><a href="#[7c]">DirectSerial::write(void const*, unsigned int)</a> from .\build\mbed_retarget.o(.text._ZN12DirectSerial5writeEPKvj) referenced from .\build\mbed_retarget.o(.rodata._ZTV12DirectSerial)
 <LI><a href="#[80]">DirectSerial::isatty()</a> from .\build\mbed_retarget.o(.text._ZN12DirectSerial6isattyEv) referenced from .\build\mbed_retarget.o(.rodata._ZTV12DirectSerial)
 <LI><a href="#[7a]">DirectSerial::~DirectSerial__deallocating()</a> from .\build\mbed_retarget.o(.text._ZN12DirectSerialD0Ev) referenced from .\build\mbed_retarget.o(.rodata._ZTV12DirectSerial)
 <LI><a href="#[6f]">mbed::FileHandle::enable_input(bool)</a> from .\build\file.o(.text._ZN4mbed10FileHandle12enable_inputEb) referenced from .\build\mbed_adafruit_gps.o(.rodata._ZTV12Adafruit_GPS)
 <LI><a href="#[6f]">mbed::FileHandle::enable_input(bool)</a> from .\build\file.o(.text._ZN4mbed10FileHandle12enable_inputEb) referenced from .\build\mbed_retarget.o(.rodata._ZTV12DirectSerial)
 <LI><a href="#[6f]">mbed::FileHandle::enable_input(bool)</a> from .\build\file.o(.text._ZN4mbed10FileHandle12enable_inputEb) referenced from .\build\filehandle.o(.rodata._ZTVN4mbed10FileHandleE)
 <LI><a href="#[6f]">mbed::FileHandle::enable_input(bool)</a> from .\build\file.o(.text._ZN4mbed10FileHandle12enable_inputEb) referenced from .\build\stream.o(.rodata._ZTVN4mbed6StreamE)
 <LI><a href="#[6f]">mbed::FileHandle::enable_input(bool)</a> from .\build\file.o(.text._ZN4mbed10FileHandle12enable_inputEb) referenced from .\build\stream.o(.rodata._ZTVN4mbed8FileLikeE)
 <LI><a href="#[6d]">mbed::FileHandle::set_blocking(bool)</a> from .\build\file.o(.text._ZN4mbed10FileHandle12set_blockingEb) referenced from .\build\mbed_adafruit_gps.o(.rodata._ZTV12Adafruit_GPS)
 <LI><a href="#[6d]">mbed::FileHandle::set_blocking(bool)</a> from .\build\file.o(.text._ZN4mbed10FileHandle12set_blockingEb) referenced from .\build\mbed_retarget.o(.rodata._ZTV12DirectSerial)
 <LI><a href="#[6d]">mbed::FileHandle::set_blocking(bool)</a> from .\build\file.o(.text._ZN4mbed10FileHandle12set_blockingEb) referenced from .\build\filehandle.o(.rodata._ZTVN4mbed10FileHandleE)
 <LI><a href="#[6d]">mbed::FileHandle::set_blocking(bool)</a> from .\build\file.o(.text._ZN4mbed10FileHandle12set_blockingEb) referenced from .\build\unbufferedserial.o(.rodata._ZTVN4mbed16UnbufferedSerialE)
 <LI><a href="#[6d]">mbed::FileHandle::set_blocking(bool)</a> from .\build\file.o(.text._ZN4mbed10FileHandle12set_blockingEb) referenced from .\build\stream.o(.rodata._ZTVN4mbed6StreamE)
 <LI><a href="#[6d]">mbed::FileHandle::set_blocking(bool)</a> from .\build\file.o(.text._ZN4mbed10FileHandle12set_blockingEb) referenced from .\build\stream.o(.rodata._ZTVN4mbed8FileLikeE)
 <LI><a href="#[70]">mbed::FileHandle::enable_output(bool)</a> from .\build\file.o(.text._ZN4mbed10FileHandle13enable_outputEb) referenced from .\build\mbed_adafruit_gps.o(.rodata._ZTV12Adafruit_GPS)
 <LI><a href="#[70]">mbed::FileHandle::enable_output(bool)</a> from .\build\file.o(.text._ZN4mbed10FileHandle13enable_outputEb) referenced from .\build\mbed_retarget.o(.rodata._ZTV12DirectSerial)
 <LI><a href="#[70]">mbed::FileHandle::enable_output(bool)</a> from .\build\file.o(.text._ZN4mbed10FileHandle13enable_outputEb) referenced from .\build\filehandle.o(.rodata._ZTVN4mbed10FileHandleE)
 <LI><a href="#[70]">mbed::FileHandle::enable_output(bool)</a> from .\build\file.o(.text._ZN4mbed10FileHandle13enable_outputEb) referenced from .\build\stream.o(.rodata._ZTVN4mbed6StreamE)
 <LI><a href="#[70]">mbed::FileHandle::enable_output(bool)</a> from .\build\file.o(.text._ZN4mbed10FileHandle13enable_outputEb) referenced from .\build\stream.o(.rodata._ZTVN4mbed8FileLikeE)
 <LI><a href="#[88]">mbed::FileHandle::size()</a> from .\build\filehandle.o(.text._ZN4mbed10FileHandle4sizeEv) referenced from .\build\filehandle.o(.rodata._ZTVN4mbed10FileHandleE)
 <LI><a href="#[88]">mbed::FileHandle::size()</a> from .\build\filehandle.o(.text._ZN4mbed10FileHandle4sizeEv) referenced from .\build\stream.o(.rodata._ZTVN4mbed8FileLikeE)
 <LI><a href="#[7f]">mbed::FileHandle::sync()</a> from .\build\filehandle.o(.text._ZN4mbed10FileHandle4syncEv) referenced from .\build\mbed_retarget.o(.rodata._ZTV12DirectSerial)
 <LI><a href="#[7f]">mbed::FileHandle::sync()</a> from .\build\filehandle.o(.text._ZN4mbed10FileHandle4syncEv) referenced from .\build\filehandle.o(.rodata._ZTVN4mbed10FileHandleE)
 <LI><a href="#[7f]">mbed::FileHandle::sync()</a> from .\build\filehandle.o(.text._ZN4mbed10FileHandle4syncEv) referenced from .\build\unbufferedserial.o(.rodata._ZTVN4mbed16UnbufferedSerialE)
 <LI><a href="#[7f]">mbed::FileHandle::sync()</a> from .\build\filehandle.o(.text._ZN4mbed10FileHandle4syncEv) referenced from .\build\stream.o(.rodata._ZTVN4mbed8FileLikeE)
 <LI><a href="#[81]">mbed::FileHandle::tell()</a> from .\build\bufferedserial.o(.text._ZN4mbed10FileHandle4tellEv) referenced from .\build\mbed_retarget.o(.rodata._ZTV12DirectSerial)
 <LI><a href="#[81]">mbed::FileHandle::tell()</a> from .\build\bufferedserial.o(.text._ZN4mbed10FileHandle4tellEv) referenced from .\build\filehandle.o(.rodata._ZTVN4mbed10FileHandleE)
 <LI><a href="#[81]">mbed::FileHandle::tell()</a> from .\build\bufferedserial.o(.text._ZN4mbed10FileHandle4tellEv) referenced from .\build\unbufferedserial.o(.rodata._ZTVN4mbed16UnbufferedSerialE)
 <LI><a href="#[81]">mbed::FileHandle::tell()</a> from .\build\bufferedserial.o(.text._ZN4mbed10FileHandle4tellEv) referenced from .\build\stream.o(.rodata._ZTVN4mbed8FileLikeE)
 <LI><a href="#[72]">mbed::FileHandle::sigio(mbed::Callback&lang;void ()&rang;)</a> from .\build\file.o(.text._ZN4mbed10FileHandle5sigioENS_8CallbackIFvvEEE) referenced from .\build\mbed_adafruit_gps.o(.rodata._ZTV12Adafruit_GPS)
 <LI><a href="#[72]">mbed::FileHandle::sigio(mbed::Callback&lang;void ()&rang;)</a> from .\build\file.o(.text._ZN4mbed10FileHandle5sigioENS_8CallbackIFvvEEE) referenced from .\build\mbed_retarget.o(.rodata._ZTV12DirectSerial)
 <LI><a href="#[72]">mbed::FileHandle::sigio(mbed::Callback&lang;void ()&rang;)</a> from .\build\file.o(.text._ZN4mbed10FileHandle5sigioENS_8CallbackIFvvEEE) referenced from .\build\filehandle.o(.rodata._ZTVN4mbed10FileHandleE)
 <LI><a href="#[72]">mbed::FileHandle::sigio(mbed::Callback&lang;void ()&rang;)</a> from .\build\file.o(.text._ZN4mbed10FileHandle5sigioENS_8CallbackIFvvEEE) referenced from .\build\unbufferedserial.o(.rodata._ZTVN4mbed16UnbufferedSerialE)
 <LI><a href="#[72]">mbed::FileHandle::sigio(mbed::Callback&lang;void ()&rang;)</a> from .\build\file.o(.text._ZN4mbed10FileHandle5sigioENS_8CallbackIFvvEEE) referenced from .\build\stream.o(.rodata._ZTVN4mbed6StreamE)
 <LI><a href="#[72]">mbed::FileHandle::sigio(mbed::Callback&lang;void ()&rang;)</a> from .\build\file.o(.text._ZN4mbed10FileHandle5sigioENS_8CallbackIFvvEEE) referenced from .\build\stream.o(.rodata._ZTVN4mbed8FileLikeE)
 <LI><a href="#[87]">mbed::FileHandle::isatty()</a> from .\build\filehandle.o(.text._ZN4mbed10FileHandle6isattyEv) referenced from .\build\filehandle.o(.rodata._ZTVN4mbed10FileHandleE)
 <LI><a href="#[87]">mbed::FileHandle::isatty()</a> from .\build\filehandle.o(.text._ZN4mbed10FileHandle6isattyEv) referenced from .\build\stream.o(.rodata._ZTVN4mbed8FileLikeE)
 <LI><a href="#[82]">mbed::FileHandle::rewind()</a> from .\build\bufferedserial.o(.text._ZN4mbed10FileHandle6rewindEv) referenced from .\build\mbed_retarget.o(.rodata._ZTV12DirectSerial)
 <LI><a href="#[82]">mbed::FileHandle::rewind()</a> from .\build\bufferedserial.o(.text._ZN4mbed10FileHandle6rewindEv) referenced from .\build\filehandle.o(.rodata._ZTVN4mbed10FileHandleE)
 <LI><a href="#[82]">mbed::FileHandle::rewind()</a> from .\build\bufferedserial.o(.text._ZN4mbed10FileHandle6rewindEv) referenced from .\build\unbufferedserial.o(.rodata._ZTVN4mbed16UnbufferedSerialE)
 <LI><a href="#[82]">mbed::FileHandle::rewind()</a> from .\build\bufferedserial.o(.text._ZN4mbed10FileHandle6rewindEv) referenced from .\build\stream.o(.rodata._ZTVN4mbed8FileLikeE)
 <LI><a href="#[6c]">mbed::FileHandle::truncate(long)</a> from .\build\bufferedserial.o(.text._ZN4mbed10FileHandle8truncateEl) referenced from .\build\mbed_adafruit_gps.o(.rodata._ZTV12Adafruit_GPS)
 <LI><a href="#[6c]">mbed::FileHandle::truncate(long)</a> from .\build\bufferedserial.o(.text._ZN4mbed10FileHandle8truncateEl) referenced from .\build\mbed_retarget.o(.rodata._ZTV12DirectSerial)
 <LI><a href="#[6c]">mbed::FileHandle::truncate(long)</a> from .\build\bufferedserial.o(.text._ZN4mbed10FileHandle8truncateEl) referenced from .\build\filehandle.o(.rodata._ZTVN4mbed10FileHandleE)
 <LI><a href="#[6c]">mbed::FileHandle::truncate(long)</a> from .\build\bufferedserial.o(.text._ZN4mbed10FileHandle8truncateEl) referenced from .\build\unbufferedserial.o(.rodata._ZTVN4mbed16UnbufferedSerialE)
 <LI><a href="#[6c]">mbed::FileHandle::truncate(long)</a> from .\build\bufferedserial.o(.text._ZN4mbed10FileHandle8truncateEl) referenced from .\build\stream.o(.rodata._ZTVN4mbed6StreamE)
 <LI><a href="#[6c]">mbed::FileHandle::truncate(long)</a> from .\build\bufferedserial.o(.text._ZN4mbed10FileHandle8truncateEl) referenced from .\build\stream.o(.rodata._ZTVN4mbed8FileLikeE)
 <LI><a href="#[85]">mbed::FileHandle::~FileHandle__deallocating()</a> from .\build\filehandle.o(.text._ZN4mbed10FileHandleD0Ev) referenced from .\build\filehandle.o(.rodata._ZTVN4mbed10FileHandleE)
 <LI><a href="#[79]">mbed::FileHandle::~FileHandle__sub_object()</a> from .\build\bufferedserial.o(.text._ZN4mbed10FileHandleD2Ev) referenced from .\build\mbed_retarget.o(.rodata._ZTV12DirectSerial)
 <LI><a href="#[79]">mbed::FileHandle::~FileHandle__sub_object()</a> from .\build\bufferedserial.o(.text._ZN4mbed10FileHandleD2Ev) referenced from .\build\filehandle.o(.rodata._ZTVN4mbed10FileHandleE)
 <LI><a href="#[32]">mbed::SerialBase::_irq_handler(unsigned int, SerialIrq)</a> from .\build\serialbase.o(.text._ZN4mbed10SerialBase12_irq_handlerEj9SerialIrq) referenced from .\build\serialbase.o(.text._ZN4mbed10SerialBase5_initEv)
 <LI><a href="#[89]">mbed::SerialBase::lock()</a> from .\build\serialbase.o(.text._ZN4mbed10SerialBase4lockEv) referenced from .\build\serialbase.o(.rodata._ZTVN4mbed10SerialBaseE)
 <LI><a href="#[89]">mbed::SerialBase::lock()</a> from .\build\serialbase.o(.text._ZN4mbed10SerialBase4lockEv) referenced from .\build\unbufferedserial.o(.rodata._ZTVN4mbed16UnbufferedSerialE)
 <LI><a href="#[33]">mbed::SerialBase::_init()</a> from .\build\serialbase.o(.text._ZN4mbed10SerialBase5_initEv) referenced from .\build\serialbase.o(.text._ZN4mbed10SerialBaseC2E7PinNameS1_i)
 <LI><a href="#[8a]">mbed::SerialBase::unlock()</a> from .\build\serialbase.o(.text._ZN4mbed10SerialBase6unlockEv) referenced from .\build\serialbase.o(.rodata._ZTVN4mbed10SerialBaseE)
 <LI><a href="#[8a]">mbed::SerialBase::unlock()</a> from .\build\serialbase.o(.text._ZN4mbed10SerialBase6unlockEv) referenced from .\build\unbufferedserial.o(.rodata._ZTVN4mbed16UnbufferedSerialE)
 <LI><a href="#[8c]">mbed::SerialBase::~SerialBase__deallocating()</a> from .\build\serialbase.o(.text._ZN4mbed10SerialBaseD0Ev) referenced from .\build\serialbase.o(.rodata._ZTVN4mbed10SerialBaseE)
 <LI><a href="#[8b]">mbed::SerialBase::~SerialBase__sub_object()</a> from .\build\serialbase.o(.text._ZN4mbed10SerialBaseD2Ev) referenced from .\build\serialbase.o(.rodata._ZTVN4mbed10SerialBaseE)
 <LI><a href="#[34]">mbed::TimerEvent::irq(unsigned int)</a> from .\build\timerevent.o(.text._ZN4mbed10TimerEvent3irqEj) referenced from .\build\timerevent.o(.text._ZN4mbed10TimerEventC2EPK13ticker_data_t)
 <LI><a href="#[35]">mbed::InterruptIn::_irq_handler(unsigned int, gpio_irq_event)</a> from .\build\interruptin.o(.text._ZN4mbed11InterruptIn12_irq_handlerEj14gpio_irq_event) referenced from .\build\interruptin.o(.text._ZN4mbed11InterruptIn8irq_initE7PinName)
 <LI><a href="#[8e]">mbed::InterruptIn::~InterruptIn__deallocating()</a> from .\build\interruptin.o(.text._ZN4mbed11InterruptInD0Ev) referenced from .\build\interruptin.o(.rodata._ZTVN4mbed11InterruptInE)
 <LI><a href="#[8d]">mbed::InterruptIn::~InterruptIn__sub_object()</a> from .\build\interruptin.o(.text._ZN4mbed11InterruptInD2Ev) referenced from .\build\interruptin.o(.rodata._ZTVN4mbed11InterruptInE)
 <LI><a href="#[97]">mbed::UnbufferedSerial::enable_input(bool)</a> from .\build\unbufferedserial.o(.text._ZN4mbed16UnbufferedSerial12enable_inputEb) referenced from .\build\unbufferedserial.o(.rodata._ZTVN4mbed16UnbufferedSerialE)
 <LI><a href="#[98]">mbed::UnbufferedSerial::enable_output(bool)</a> from .\build\unbufferedserial.o(.text._ZN4mbed16UnbufferedSerial13enable_outputEb) referenced from .\build\unbufferedserial.o(.rodata._ZTVN4mbed16UnbufferedSerialE)
 <LI><a href="#[92]">mbed::UnbufferedSerial::read(void*, unsigned int)</a> from .\build\unbufferedserial.o(.text._ZN4mbed16UnbufferedSerial4readEPvj) referenced from .\build\unbufferedserial.o(.rodata._ZTVN4mbed16UnbufferedSerialE)
 <LI><a href="#[93]">mbed::UnbufferedSerial::seek(long, int)</a> from .\build\unbufferedserial.o(.text._ZN4mbed16UnbufferedSerial4seekEli) referenced from .\build\unbufferedserial.o(.rodata._ZTVN4mbed16UnbufferedSerialE)
 <LI><a href="#[94]">mbed::UnbufferedSerial::size()</a> from .\build\unbufferedserial.o(.text._ZN4mbed16UnbufferedSerial4sizeEv) referenced from .\build\unbufferedserial.o(.rodata._ZTVN4mbed16UnbufferedSerialE)
 <LI><a href="#[96]">mbed::UnbufferedSerial::close()</a> from .\build\unbufferedserial.o(.text._ZN4mbed16UnbufferedSerial5closeEv) referenced from .\build\unbufferedserial.o(.rodata._ZTVN4mbed16UnbufferedSerialE)
 <LI><a href="#[91]">mbed::UnbufferedSerial::write(void const*, unsigned int)</a> from .\build\unbufferedserial.o(.text._ZN4mbed16UnbufferedSerial5writeEPKvj) referenced from .\build\unbufferedserial.o(.rodata._ZTVN4mbed16UnbufferedSerialE)
 <LI><a href="#[95]">mbed::UnbufferedSerial::isatty()</a> from .\build\unbufferedserial.o(.text._ZN4mbed16UnbufferedSerial6isattyEv) referenced from .\build\unbufferedserial.o(.rodata._ZTVN4mbed16UnbufferedSerialE)
 <LI><a href="#[90]">mbed::UnbufferedSerial::~UnbufferedSerial__deallocating()</a> from .\build\unbufferedserial.o(.text._ZN4mbed16UnbufferedSerialD0Ev) referenced from .\build\unbufferedserial.o(.rodata._ZTVN4mbed16UnbufferedSerialE)
 <LI><a href="#[8f]">mbed::UnbufferedSerial::~UnbufferedSerial__sub_object()</a> from .\build\unbufferedserial.o(.text._ZN4mbed16UnbufferedSerialD2Ev) referenced from .\build\unbufferedserial.o(.rodata._ZTVN4mbed16UnbufferedSerialE)
 <LI><a href="#[a5]">mbed::I2C::lock()</a> from .\build\i2c.o(.text._ZN4mbed3I2C4lockEv) referenced from .\build\i2c.o(.rodata._ZTVN4mbed3I2CE)
 <LI><a href="#[a6]">mbed::I2C::unlock()</a> from .\build\i2c.o(.text._ZN4mbed3I2C6unlockEv) referenced from .\build\i2c.o(.rodata._ZTVN4mbed3I2CE)
 <LI><a href="#[a8]">mbed::I2C::~I2C__deallocating()</a> from .\build\i2c.o(.text._ZN4mbed3I2CD0Ev) referenced from .\build\i2c.o(.rodata._ZTVN4mbed3I2CE)
 <LI><a href="#[a7]">mbed::I2C::~I2C__sub_object()</a> from .\build\i2c.o(.text._ZN4mbed3I2CD2Ev) referenced from .\build\i2c.o(.rodata._ZTVN4mbed3I2CE)
 <LI><a href="#[75]">mbed::Stream::lock()</a> from .\build\stream.o(.text._ZN4mbed6Stream4lockEv) referenced from .\build\mbed_adafruit_gps.o(.rodata._ZTV12Adafruit_GPS)
 <LI><a href="#[75]">mbed::Stream::lock()</a> from .\build\stream.o(.text._ZN4mbed6Stream4lockEv) referenced from .\build\stream.o(.rodata._ZTVN4mbed6StreamE)
 <LI><a href="#[63]">mbed::Stream::read(void*, unsigned int)</a> from .\build\stream.o(.text._ZN4mbed6Stream4readEPvj) referenced from .\build\mbed_adafruit_gps.o(.rodata._ZTV12Adafruit_GPS)
 <LI><a href="#[63]">mbed::Stream::read(void*, unsigned int)</a> from .\build\stream.o(.text._ZN4mbed6Stream4readEPvj) referenced from .\build\stream.o(.rodata._ZTVN4mbed6StreamE)
 <LI><a href="#[65]">mbed::Stream::seek(long, int)</a> from .\build\stream.o(.text._ZN4mbed6Stream4seekEli) referenced from .\build\mbed_adafruit_gps.o(.rodata._ZTV12Adafruit_GPS)
 <LI><a href="#[65]">mbed::Stream::seek(long, int)</a> from .\build\stream.o(.text._ZN4mbed6Stream4seekEli) referenced from .\build\stream.o(.rodata._ZTVN4mbed6StreamE)
 <LI><a href="#[6b]">mbed::Stream::size()</a> from .\build\stream.o(.text._ZN4mbed6Stream4sizeEv) referenced from .\build\mbed_adafruit_gps.o(.rodata._ZTV12Adafruit_GPS)
 <LI><a href="#[6b]">mbed::Stream::size()</a> from .\build\stream.o(.text._ZN4mbed6Stream4sizeEv) referenced from .\build\stream.o(.rodata._ZTVN4mbed6StreamE)
 <LI><a href="#[67]">mbed::Stream::sync()</a> from .\build\stream.o(.text._ZN4mbed6Stream4syncEv) referenced from .\build\mbed_adafruit_gps.o(.rodata._ZTV12Adafruit_GPS)
 <LI><a href="#[67]">mbed::Stream::sync()</a> from .\build\stream.o(.text._ZN4mbed6Stream4syncEv) referenced from .\build\stream.o(.rodata._ZTVN4mbed6StreamE)
 <LI><a href="#[69]">mbed::Stream::tell()</a> from .\build\stream.o(.text._ZN4mbed6Stream4tellEv) referenced from .\build\mbed_adafruit_gps.o(.rodata._ZTV12Adafruit_GPS)
 <LI><a href="#[69]">mbed::Stream::tell()</a> from .\build\stream.o(.text._ZN4mbed6Stream4tellEv) referenced from .\build\stream.o(.rodata._ZTVN4mbed6StreamE)
 <LI><a href="#[66]">mbed::Stream::close()</a> from .\build\stream.o(.text._ZN4mbed6Stream5closeEv) referenced from .\build\mbed_adafruit_gps.o(.rodata._ZTV12Adafruit_GPS)
 <LI><a href="#[66]">mbed::Stream::close()</a> from .\build\stream.o(.text._ZN4mbed6Stream5closeEv) referenced from .\build\stream.o(.rodata._ZTVN4mbed6StreamE)
 <LI><a href="#[64]">mbed::Stream::write(void const*, unsigned int)</a> from .\build\stream.o(.text._ZN4mbed6Stream5writeEPKvj) referenced from .\build\mbed_adafruit_gps.o(.rodata._ZTV12Adafruit_GPS)
 <LI><a href="#[64]">mbed::Stream::write(void const*, unsigned int)</a> from .\build\stream.o(.text._ZN4mbed6Stream5writeEPKvj) referenced from .\build\stream.o(.rodata._ZTVN4mbed6StreamE)
 <LI><a href="#[68]">mbed::Stream::isatty()</a> from .\build\stream.o(.text._ZN4mbed6Stream6isattyEv) referenced from .\build\mbed_adafruit_gps.o(.rodata._ZTV12Adafruit_GPS)
 <LI><a href="#[68]">mbed::Stream::isatty()</a> from .\build\stream.o(.text._ZN4mbed6Stream6isattyEv) referenced from .\build\stream.o(.rodata._ZTVN4mbed6StreamE)
 <LI><a href="#[6a]">mbed::Stream::rewind()</a> from .\build\stream.o(.text._ZN4mbed6Stream6rewindEv) referenced from .\build\mbed_adafruit_gps.o(.rodata._ZTV12Adafruit_GPS)
 <LI><a href="#[6a]">mbed::Stream::rewind()</a> from .\build\stream.o(.text._ZN4mbed6Stream6rewindEv) referenced from .\build\stream.o(.rodata._ZTVN4mbed6StreamE)
 <LI><a href="#[76]">mbed::Stream::unlock()</a> from .\build\stream.o(.text._ZN4mbed6Stream6unlockEv) referenced from .\build\mbed_adafruit_gps.o(.rodata._ZTV12Adafruit_GPS)
 <LI><a href="#[76]">mbed::Stream::unlock()</a> from .\build\stream.o(.text._ZN4mbed6Stream6unlockEv) referenced from .\build\stream.o(.rodata._ZTVN4mbed6StreamE)
 <LI><a href="#[a9]">mbed::Stream::~Stream__deallocating()</a> from .\build\stream.o(.text._ZN4mbed6StreamD0Ev) referenced from .\build\stream.o(.rodata._ZTVN4mbed6StreamE)
 <LI><a href="#[61]">mbed::Stream::~Stream__sub_object()</a> from .\build\stream.o(.text._ZN4mbed6StreamD2Ev) referenced from .\build\mbed_adafruit_gps.o(.rodata._ZTV12Adafruit_GPS)
 <LI><a href="#[61]">mbed::Stream::~Stream__sub_object()</a> from .\build\stream.o(.text._ZN4mbed6StreamD2Ev) referenced from .\build\stream.o(.rodata._ZTVN4mbed6StreamE)
 <LI><a href="#[ae]">mbed::AnalogIn::lock()</a> from .\build\analogin.o(.text._ZN4mbed8AnalogIn4lockEv) referenced from .\build\analogin.o(.rodata._ZTVN4mbed8AnalogInE)
 <LI><a href="#[af]">mbed::AnalogIn::unlock()</a> from .\build\analogin.o(.text._ZN4mbed8AnalogIn6unlockEv) referenced from .\build\analogin.o(.rodata._ZTVN4mbed8AnalogInE)
 <LI><a href="#[ad]">mbed::AnalogIn::~AnalogIn__deallocating()</a> from .\build\analogin.o(.text._ZN4mbed8AnalogInD0Ev) referenced from .\build\analogin.o(.rodata._ZTVN4mbed8AnalogInE)
 <LI><a href="#[ac]">mbed::AnalogIn::~AnalogIn__sub_object()</a> from .\build\analogin.o(.text._ZN4mbed8AnalogInD2Ev) referenced from .\build\analogin.o(.rodata._ZTVN4mbed8AnalogInE)
 <LI><a href="#[36]">void mbed::Callback&lang;void ()&rang;::target_call&lang;void (*)()&rang;(mbed::detail::CallbackBase const*)</a> from .\build\arm_hal_fhss_timer.o(.text._ZN4mbed8CallbackIFvvEE11target_callIPS1_EEvPKNS_6detail12CallbackBaseE) referenced from .\build\arm_hal_fhss_timer.o(.text._ZN4mbed8CallbackIFvvEE8generateIPS1_vEEvOT_)
 <LI><a href="#[b1]">mbed::FileBase::~FileBase__deallocating()</a> from .\build\filebase.o(.text._ZN4mbed8FileBaseD0Ev) referenced from .\build\filebase.o(.rodata._ZTVN4mbed8FileBaseE)
 <LI><a href="#[b0]">mbed::FileBase::~FileBase__sub_object()</a> from .\build\filebase.o(.text._ZN4mbed8FileBaseD2Ev) referenced from .\build\filebase.o(.rodata._ZTVN4mbed8FileBaseE)
 <LI><a href="#[b3]">mbed::FileLike::~FileLike__deallocating()</a> from .\build\stream.o(.text._ZN4mbed8FileLikeD0Ev) referenced from .\build\stream.o(.rodata._ZTVN4mbed8FileLikeE)
 <LI><a href="#[b2]">mbed::FileLike::~FileLike__sub_object()</a> from .\build\stream.o(.text._ZN4mbed8FileLikeD2Ev) referenced from .\build\stream.o(.rodata._ZTVN4mbed8FileLikeE)
 <LI><a href="#[b6]">mbed::internal::SysTimer&lang;std::__2::ratio&lang;1ll, 1000ll&rang;, true&rang;::handler()</a> from .\build\systimer.o(.text._ZN4mbed8internal8SysTimerINSt3__25ratioILx1ELx1000EEELb1EE7handlerEv) referenced from .\build\systimer.o(.rodata._ZTVN4mbed8internal8SysTimerINSt3__25ratioILx1ELx1000EEELb1EEE)
 <LI><a href="#[37]">CThunk&lang;mbed::SerialBase&rang;::trampoline(CThunkBase*)</a> from .\build\serialbase.o(.text._ZN6CThunkIN4mbed10SerialBaseEE10trampolineEP10CThunkBase) referenced from .\build\serialbase.o(.text._ZN6CThunkIN4mbed10SerialBaseEE4initEPS1_MS1_FvPvES4_)
 <LI><a href="#[38]">CThunk&lang;mbed::I2C&rang;::trampoline(CThunkBase*)</a> from .\build\i2c.o(.text._ZN6CThunkIN4mbed3I2CEE10trampolineEP10CThunkBase) referenced from .\build\i2c.o(.text._ZN6CThunkIN4mbed3I2CEE4initEPS1_MS1_FvPvES4_)
 <LI><a href="#[84]">DirectSerial::poll(short) const</a> from .\build\mbed_retarget.o(.text._ZNK12DirectSerial4pollEs) referenced from .\build\mbed_retarget.o(.rodata._ZTV12DirectSerial)
 <LI><a href="#[6e]">mbed::FileHandle::is_blocking() const</a> from .\build\file.o(.text._ZNK4mbed10FileHandle11is_blockingEv) referenced from .\build\mbed_adafruit_gps.o(.rodata._ZTV12Adafruit_GPS)
 <LI><a href="#[6e]">mbed::FileHandle::is_blocking() const</a> from .\build\file.o(.text._ZNK4mbed10FileHandle11is_blockingEv) referenced from .\build\mbed_retarget.o(.rodata._ZTV12DirectSerial)
 <LI><a href="#[6e]">mbed::FileHandle::is_blocking() const</a> from .\build\file.o(.text._ZNK4mbed10FileHandle11is_blockingEv) referenced from .\build\filehandle.o(.rodata._ZTVN4mbed10FileHandleE)
 <LI><a href="#[6e]">mbed::FileHandle::is_blocking() const</a> from .\build\file.o(.text._ZNK4mbed10FileHandle11is_blockingEv) referenced from .\build\unbufferedserial.o(.rodata._ZTVN4mbed16UnbufferedSerialE)
 <LI><a href="#[6e]">mbed::FileHandle::is_blocking() const</a> from .\build\file.o(.text._ZNK4mbed10FileHandle11is_blockingEv) referenced from .\build\stream.o(.rodata._ZTVN4mbed6StreamE)
 <LI><a href="#[6e]">mbed::FileHandle::is_blocking() const</a> from .\build\file.o(.text._ZNK4mbed10FileHandle11is_blockingEv) referenced from .\build\stream.o(.rodata._ZTVN4mbed8FileLikeE)
 <LI><a href="#[71]">mbed::FileHandle::poll(short) const</a> from .\build\file.o(.text._ZNK4mbed10FileHandle4pollEs) referenced from .\build\mbed_adafruit_gps.o(.rodata._ZTV12Adafruit_GPS)
 <LI><a href="#[71]">mbed::FileHandle::poll(short) const</a> from .\build\file.o(.text._ZNK4mbed10FileHandle4pollEs) referenced from .\build\filehandle.o(.rodata._ZTVN4mbed10FileHandleE)
 <LI><a href="#[71]">mbed::FileHandle::poll(short) const</a> from .\build\file.o(.text._ZNK4mbed10FileHandle4pollEs) referenced from .\build\stream.o(.rodata._ZTVN4mbed6StreamE)
 <LI><a href="#[71]">mbed::FileHandle::poll(short) const</a> from .\build\file.o(.text._ZNK4mbed10FileHandle4pollEs) referenced from .\build\stream.o(.rodata._ZTVN4mbed8FileLikeE)
 <LI><a href="#[99]">mbed::UnbufferedSerial::poll(short) const</a> from .\build\unbufferedserial.o(.text._ZNK4mbed16UnbufferedSerial4pollEs) referenced from .\build\unbufferedserial.o(.rodata._ZTVN4mbed16UnbufferedSerialE)
 <LI><a href="#[a2]">non-virtual thunk to mbed::UnbufferedSerial::enable_input(bool)</a> from .\build\unbufferedserial.o(.text._ZThn228_N4mbed16UnbufferedSerial12enable_inputEb) referenced from .\build\unbufferedserial.o(.rodata._ZTVN4mbed16UnbufferedSerialE)
 <LI><a href="#[a3]">non-virtual thunk to mbed::UnbufferedSerial::enable_output(bool)</a> from .\build\unbufferedserial.o(.text._ZThn228_N4mbed16UnbufferedSerial13enable_outputEb) referenced from .\build\unbufferedserial.o(.rodata._ZTVN4mbed16UnbufferedSerialE)
 <LI><a href="#[9c]">non-virtual thunk to mbed::UnbufferedSerial::read(void*, unsigned int)</a> from .\build\unbufferedserial.o(.text._ZThn228_N4mbed16UnbufferedSerial4readEPvj) referenced from .\build\unbufferedserial.o(.rodata._ZTVN4mbed16UnbufferedSerialE)
 <LI><a href="#[9e]">non-virtual thunk to mbed::UnbufferedSerial::seek(long, int)</a> from .\build\unbufferedserial.o(.text._ZThn228_N4mbed16UnbufferedSerial4seekEli) referenced from .\build\unbufferedserial.o(.rodata._ZTVN4mbed16UnbufferedSerialE)
 <LI><a href="#[a1]">non-virtual thunk to mbed::UnbufferedSerial::size()</a> from .\build\unbufferedserial.o(.text._ZThn228_N4mbed16UnbufferedSerial4sizeEv) referenced from .\build\unbufferedserial.o(.rodata._ZTVN4mbed16UnbufferedSerialE)
 <LI><a href="#[9f]">non-virtual thunk to mbed::UnbufferedSerial::close()</a> from .\build\unbufferedserial.o(.text._ZThn228_N4mbed16UnbufferedSerial5closeEv) referenced from .\build\unbufferedserial.o(.rodata._ZTVN4mbed16UnbufferedSerialE)
 <LI><a href="#[9d]">non-virtual thunk to mbed::UnbufferedSerial::write(void const*, unsigned int)</a> from .\build\unbufferedserial.o(.text._ZThn228_N4mbed16UnbufferedSerial5writeEPKvj) referenced from .\build\unbufferedserial.o(.rodata._ZTVN4mbed16UnbufferedSerialE)
 <LI><a href="#[a0]">non-virtual thunk to mbed::UnbufferedSerial::isatty()</a> from .\build\unbufferedserial.o(.text._ZThn228_N4mbed16UnbufferedSerial6isattyEv) referenced from .\build\unbufferedserial.o(.rodata._ZTVN4mbed16UnbufferedSerialE)
 <LI><a href="#[9b]">non-virtual thunk to mbed::UnbufferedSerial::~UnbufferedSerial__deallocating()</a> from .\build\unbufferedserial.o(.text._ZThn228_N4mbed16UnbufferedSerialD0Ev) referenced from .\build\unbufferedserial.o(.rodata._ZTVN4mbed16UnbufferedSerialE)
 <LI><a href="#[9a]">non-virtual thunk to mbed::UnbufferedSerial::~UnbufferedSerial()</a> from .\build\unbufferedserial.o(.text._ZThn228_N4mbed16UnbufferedSerialD1Ev) referenced from .\build\unbufferedserial.o(.rodata._ZTVN4mbed16UnbufferedSerialE)
 <LI><a href="#[a4]">non-virtual thunk to mbed::UnbufferedSerial::poll(short) const</a> from .\build\unbufferedserial.o(.text._ZThn228_NK4mbed16UnbufferedSerial4pollEs) referenced from .\build\unbufferedserial.o(.rodata._ZTVN4mbed16UnbufferedSerialE)
 <LI><a href="#[78]">non-virtual thunk to Adafruit_GPS::~Adafruit_GPS__deallocating()</a> from .\build\mbed_adafruit_gps.o(.text._ZThn4_N12Adafruit_GPSD0Ev) referenced from .\build\mbed_adafruit_gps.o(.rodata._ZTV12Adafruit_GPS)
 <LI><a href="#[77]">non-virtual thunk to Adafruit_GPS::~Adafruit_GPS()</a> from .\build\mbed_adafruit_gps.o(.text._ZThn4_N12Adafruit_GPSD1Ev) referenced from .\build\mbed_adafruit_gps.o(.rodata._ZTV12Adafruit_GPS)
 <LI><a href="#[ab]">non-virtual thunk to mbed::Stream::~Stream__deallocating()</a> from .\build\stream.o(.text._ZThn4_N4mbed6StreamD0Ev) referenced from .\build\stream.o(.rodata._ZTVN4mbed6StreamE)
 <LI><a href="#[aa]">non-virtual thunk to mbed::Stream::~Stream()</a> from .\build\stream.o(.text._ZThn4_N4mbed6StreamD1Ev) referenced from .\build\stream.o(.rodata._ZTVN4mbed6StreamE)
 <LI><a href="#[b5]">non-virtual thunk to mbed::FileLike::~FileLike__deallocating()</a> from .\build\stream.o(.text._ZThn4_N4mbed8FileLikeD0Ev) referenced from .\build\stream.o(.rodata._ZTVN4mbed8FileLikeE)
 <LI><a href="#[b4]">non-virtual thunk to mbed::FileLike::~FileLike()</a> from .\build\stream.o(.text._ZThn4_N4mbed8FileLikeD1Ev) referenced from .\build\stream.o(.rodata._ZTVN4mbed8FileLikeE)
 <LI><a href="#[86]">__cxa_pure_virtual</a> from C:\Keil_v5\ARM\ARMCLANG\Bin\..\lib\libcxx\libcppabi_p.l(cxa_virtual.cpp.o)(.text.__cxa_pure_virtual) referenced 4 times from .\build\filehandle.o(.rodata._ZTVN4mbed10FileHandleE)
 <LI><a href="#[86]">__cxa_pure_virtual</a> from C:\Keil_v5\ARM\ARMCLANG\Bin\..\lib\libcxx\libcppabi_p.l(cxa_virtual.cpp.o)(.text.__cxa_pure_virtual) referenced from .\build\timerevent.o(.rodata._ZTVN4mbed10TimerEventE)
 <LI><a href="#[86]">__cxa_pure_virtual</a> from C:\Keil_v5\ARM\ARMCLANG\Bin\..\lib\libcxx\libcppabi_p.l(cxa_virtual.cpp.o)(.text.__cxa_pure_virtual) referenced 2 times from .\build\stream.o(.rodata._ZTVN4mbed6StreamE)
 <LI><a href="#[86]">__cxa_pure_virtual</a> from C:\Keil_v5\ARM\ARMCLANG\Bin\..\lib\libcxx\libcppabi_p.l(cxa_virtual.cpp.o)(.text.__cxa_pure_virtual) referenced 4 times from .\build\stream.o(.rodata._ZTVN4mbed8FileLikeE)
 <LI><a href="#[27]">__main</a> from C:\Keil_v5\ARM\ARMCLANG\Bin\..\lib\armlib\c_p.l(__main.o)(!!!main) referenced from .\build\startup_stm32l072xx.o(.text)
 <LI><a href="#[28]">_get_lc_ctype</a> from C:\Keil_v5\ARM\ARMCLANG\Bin\..\lib\armlib\c_p.l(lc_ctype_c.o)(locale$$code) referenced from C:\Keil_v5\ARM\ARMCLANG\Bin\..\lib\armlib\c_p.l(rt_ctype_table.o)(.text)
 <LI><a href="#[2a]">_sbackspace</a> from C:\Keil_v5\ARM\ARMCLANG\Bin\..\lib\armlib\c_p.l(_sgetc.o)(.text) referenced from C:\Keil_v5\ARM\ARMCLANG\Bin\..\lib\armlib\c_p.l(strtod.o)(.text)
 <LI><a href="#[5d]">_scanf_really_hex_real</a> from C:\Keil_v5\ARM\ARMCLANG\Bin\..\lib\armlib\c_p.l(scanf_hexfp.o)(.text) referenced from C:\Keil_v5\ARM\ARMCLANG\Bin\..\lib\armlib\fz_ps.l(scanf2.o)(x$fpl$scanf2)
 <LI><a href="#[5e]">_scanf_really_infnan</a> from C:\Keil_v5\ARM\ARMCLANG\Bin\..\lib\armlib\c_p.l(scanf_infnan.o)(.text) referenced from C:\Keil_v5\ARM\ARMCLANG\Bin\..\lib\armlib\fz_ps.l(scanf2.o)(x$fpl$scanf2)
 <LI><a href="#[5c]">_scanf_really_real</a> from C:\Keil_v5\ARM\ARMCLANG\Bin\..\lib\armlib\c_p.l(scanf_fp.o)(.text) referenced from C:\Keil_v5\ARM\ARMCLANG\Bin\..\lib\armlib\fz_ps.l(scanf1.o)(x$fpl$scanf1)
 <LI><a href="#[29]">_sgetc</a> from C:\Keil_v5\ARM\ARMCLANG\Bin\..\lib\armlib\c_p.l(_sgetc.o)(.text) referenced from C:\Keil_v5\ARM\ARMCLANG\Bin\..\lib\armlib\c_p.l(strtod.o)(.text)
 <LI><a href="#[c5]">block_us_ticker_free</a> from .\build\mbed_us_ticker_api.o(.text.block_us_ticker_free) referenced from .\build\mbed_us_ticker_api.o(.rodata.us_interface)
 <LI><a href="#[3b]">gpio_irq0</a> from .\build\gpio_irq_api.o(.text.gpio_irq0) referenced from .\build\gpio_irq_api.o(.text.gpio_irq_init)
 <LI><a href="#[3d]">gpio_irq1</a> from .\build\gpio_irq_api.o(.text.gpio_irq1) referenced from .\build\gpio_irq_api.o(.text.gpio_irq_init)
 <LI><a href="#[3c]">gpio_irq2</a> from .\build\gpio_irq_api.o(.text.gpio_irq2) referenced from .\build\gpio_irq_api.o(.text.gpio_irq_init)
 <LI><a href="#[40]">i2c1_irq</a> from .\build\i2c_api.o(.text.i2c1_irq) referenced from .\build\i2c_api.o(.text.i2c_get_irq_handler)
 <LI><a href="#[3f]">i2c2_irq</a> from .\build\i2c_api.o(.text.i2c2_irq) referenced from .\build\i2c_api.o(.text.i2c_get_irq_handler)
 <LI><a href="#[3e]">i2c3_irq</a> from .\build\i2c_api.o(.text.i2c3_irq) referenced from .\build\i2c_api.o(.text.i2c_get_irq_handler)
 <LI><a href="#[2b]">isspace</a> from .\build\greentea_test_env.o(.text.isspace) referenced from C:\Keil_v5\ARM\ARMCLANG\Bin\..\lib\armlib\c_p.l(strtod.o)(.text)
 <LI><a href="#[ba]">lp_ticker_clear_interrupt</a> from .\build\lp_ticker.o(.text.lp_ticker_clear_interrupt) referenced from .\build\mbed_lp_ticker_api.o(.rodata.lp_interface)
 <LI><a href="#[b9]">lp_ticker_disable_interrupt</a> from .\build\lp_ticker.o(.text.lp_ticker_disable_interrupt) referenced from .\build\mbed_lp_ticker_api.o(.rodata.lp_interface)
 <LI><a href="#[bc]">lp_ticker_fire_interrupt</a> from .\build\lp_ticker.o(.text.lp_ticker_fire_interrupt) referenced from .\build\mbed_lp_ticker_api.o(.rodata.lp_interface)
 <LI><a href="#[bd]">lp_ticker_free</a> from .\build\lp_ticker.o(.text.lp_ticker_free) referenced from .\build\mbed_lp_ticker_api.o(.rodata.lp_interface)
 <LI><a href="#[be]">lp_ticker_get_info</a> from .\build\lp_ticker.o(.text.lp_ticker_get_info) referenced from .\build\mbed_lp_ticker_api.o(.rodata.lp_interface)
 <LI><a href="#[b7]">lp_ticker_init</a> from .\build\lp_ticker.o(.text.lp_ticker_init) referenced from .\build\mbed_lp_ticker_api.o(.rodata.lp_interface)
 <LI><a href="#[b8]">lp_ticker_read</a> from .\build\lp_ticker.o(.text.lp_ticker_read) referenced from .\build\mbed_lp_ticker_api.o(.rodata.lp_interface)
 <LI><a href="#[bb]">lp_ticker_set_interrupt</a> from .\build\lp_ticker.o(.text.lp_ticker_set_interrupt) referenced from .\build\mbed_lp_ticker_api.o(.rodata.lp_interface)
 <LI><a href="#[58]">lpuart1_irq</a> from .\build\serial_device.o(.text.lpuart1_irq) referenced from .\build\serial_device.o(.text.serial_irq_set)
 <LI><a href="#[42]">mbed_start</a> from .\build\mbed_boot.o(.text.mbed_start) referenced from .\build\mbed_rtos_rtx.o(.text.mbed_rtos_start)
 <LI><a href="#[4f]">osRtxIdleThread</a> from .\build\mbed_rtx_handlers.o(.text.osRtxIdleThread) referenced from .\build\rtx_thread.o(.text.osRtxThreadStartup)
 <LI><a href="#[59]">osRtxMessageQueuePostProcess</a> from .\build\rtx_msgqueue.o(.text.osRtxMessageQueuePostProcess) referenced from .\build\rtx_msgqueue.o(.text.svcRtxMessageQueueNew)
 <LI><a href="#[5b]">osRtxThreadPostProcess</a> from .\build\rtx_thread.o(.text.osRtxThreadPostProcess) referenced from .\build\rtx_thread.o(.text.svcRtxThreadNew)
 <LI><a href="#[60]">osRtxTimerSetup</a> from .\build\rtx_timer.o(.text.osRtxTimerSetup) referenced from .\build\rtx_lib.o(.rodata)
 <LI><a href="#[5f]">osRtxTimerThread</a> from .\build\rtx_timer.o(.text.osRtxTimerThread) referenced from .\build\rtx_lib.o(.rodata)
 <LI><a href="#[50]">osRtxTimerTick</a> from .\build\rtx_timer.o(.text.osRtxTimerTick) referenced from .\build\rtx_timer.o(.text.osRtxTimerSetup)
 <LI><a href="#[5a]">osThreadExit</a> from .\build\rtx_thread.o(.text.osThreadExit) referenced from .\build\rtx_thread.o(.text.svcRtxThreadNew)
 <LI><a href="#[43]">svcRtxDelay</a> from .\build\rtx_delay.o(.text.svcRtxDelay) referenced from .\build\rtx_delay.o(.text.osDelay)
 <LI><a href="#[44]">svcRtxKernelGetState</a> from .\build\rtx_kernel.o(.text.svcRtxKernelGetState) referenced from .\build\rtx_kernel.o(.text.osKernelGetState)
 <LI><a href="#[45]">svcRtxKernelInitialize</a> from .\build\rtx_kernel.o(.text.svcRtxKernelInitialize) referenced from .\build\rtx_kernel.o(.text.osKernelInitialize)
 <LI><a href="#[46]">svcRtxKernelResume</a> from .\build\rtx_kernel.o(.text.svcRtxKernelResume) referenced from .\build\rtx_kernel.o(.text.osKernelResume)
 <LI><a href="#[47]">svcRtxKernelStart</a> from .\build\rtx_kernel.o(.text.svcRtxKernelStart) referenced from .\build\rtx_kernel.o(.text.osKernelStart)
 <LI><a href="#[48]">svcRtxKernelSuspend</a> from .\build\rtx_kernel.o(.text.svcRtxKernelSuspend) referenced from .\build\rtx_kernel.o(.text.osKernelSuspend)
 <LI><a href="#[49]">svcRtxMessageQueueGet</a> from .\build\rtx_msgqueue.o(.text.svcRtxMessageQueueGet) referenced from .\build\rtx_msgqueue.o(.text.osMessageQueueGet)
 <LI><a href="#[4a]">svcRtxMessageQueuePut</a> from .\build\rtx_msgqueue.o(.text.svcRtxMessageQueuePut) referenced from .\build\rtx_msgqueue.o(.text.osMessageQueuePut)
 <LI><a href="#[4b]">svcRtxMutexAcquire</a> from .\build\rtx_mutex.o(.text.svcRtxMutexAcquire) referenced from .\build\rtx_mutex.o(.text.osMutexAcquire)
 <LI><a href="#[4c]">svcRtxMutexDelete</a> from .\build\rtx_mutex.o(.text.svcRtxMutexDelete) referenced from .\build\rtx_mutex.o(.text.osMutexDelete)
 <LI><a href="#[4d]">svcRtxMutexNew</a> from .\build\rtx_mutex.o(.text.svcRtxMutexNew) referenced from .\build\rtx_mutex.o(.text.osMutexNew)
 <LI><a href="#[4e]">svcRtxMutexRelease</a> from .\build\rtx_mutex.o(.text.svcRtxMutexRelease) referenced from .\build\rtx_mutex.o(.text.osMutexRelease)
 <LI><a href="#[51]">svcRtxThreadExit</a> from .\build\rtx_thread.o(.text.svcRtxThreadExit) referenced from .\build\rtx_thread.o(.text.osThreadExit)
 <LI><a href="#[52]">svcRtxThreadGetId</a> from .\build\rtx_thread.o(.text.svcRtxThreadGetId) referenced from .\build\rtx_thread.o(.text.osThreadGetId)
 <LI><a href="#[53]">svcRtxThreadNew</a> from .\build\rtx_thread.o(.text.svcRtxThreadNew) referenced from .\build\rtx_thread.o(.text.osThreadNew)
 <LI><a href="#[1]">ticker_irq_handler</a> from .\build\mbed_ticker_api.o(.text.ticker_irq_handler) referenced 4 times from .\build\mbed_lp_ticker_api.o(.data.irq_handler)
 <LI><a href="#[3a]">timer_irq_handler</a> from .\build\us_ticker.o(.text.timer_irq_handler) referenced from .\build\us_ticker.o(.text.__NVIC_SetVector)
 <LI><a href="#[54]">uart1_irq</a> from .\build\serial_device.o(.text.uart1_irq) referenced from .\build\serial_device.o(.text.serial_irq_set)
 <LI><a href="#[55]">uart2_irq</a> from .\build\serial_device.o(.text.uart2_irq) referenced from .\build\serial_device.o(.text.serial_irq_set)
 <LI><a href="#[56]">uart4_irq</a> from .\build\serial_device.o(.text.uart4_irq) referenced from .\build\serial_device.o(.text.serial_irq_set)
 <LI><a href="#[57]">uart5_irq</a> from .\build\serial_device.o(.text.uart5_irq) referenced from .\build\serial_device.o(.text.serial_irq_set)
 <LI><a href="#[c2]">us_ticker_clear_interrupt</a> from .\build\us_ticker.o(.text.us_ticker_clear_interrupt) referenced from .\build\mbed_us_ticker_api.o(.rodata.us_interface)
 <LI><a href="#[c1]">us_ticker_disable_interrupt</a> from .\build\us_ticker.o(.text.us_ticker_disable_interrupt) referenced from .\build\mbed_us_ticker_api.o(.rodata.us_interface)
 <LI><a href="#[c4]">us_ticker_fire_interrupt</a> from .\build\us_ticker.o(.text.us_ticker_fire_interrupt) referenced from .\build\mbed_us_ticker_api.o(.rodata.us_interface)
 <LI><a href="#[c6]">us_ticker_get_info</a> from .\build\us_ticker.o(.text.us_ticker_get_info) referenced from .\build\mbed_us_ticker_api.o(.rodata.us_interface)
 <LI><a href="#[bf]">us_ticker_init</a> from .\build\us_ticker.o(.text.us_ticker_init) referenced from .\build\mbed_us_ticker_api.o(.rodata.us_interface)
 <LI><a href="#[c0]">us_ticker_read</a> from .\build\us_ticker.o(.text.us_ticker_read) referenced from .\build\mbed_us_ticker_api.o(.rodata.us_interface)
 <LI><a href="#[c3]">us_ticker_set_interrupt</a> from .\build\us_ticker.o(.text.us_ticker_set_interrupt) referenced from .\build\mbed_us_ticker_api.o(.rodata.us_interface)
</UL>
<P>
<H3>
Global Symbols
</H3>
<P><STRONG><a name="[27]"></a>__main</STRONG> (Thumb, 8 bytes, Stack size 0 bytes, C:\Keil_v5\ARM\ARMCLANG\Bin\..\lib\armlib\c_p.l(__main.o)(!!!main))
<BR><BR>[Stack]<UL><LI>Max Depth = 768 + Unknown Stack Size
<LI>Call Chain = __main &rArr; __rt_entry &rArr; mbed_rtos_start &rArr; mbed_error &rArr; mbed_halt_system &rArr; mbed_die &rArr; gpio_init_out &rArr; gpio_init_out_ex &rArr; _gpio_init_out &rArr; gpio_init &rArr; gpio_set &rArr; pin_function &rArr; Set_GPIO_Clock &rArr; error &rArr;  mbed_halt_system (Cycle)
</UL>
<BR>[Calls]<UL><LI><a href="#[cf]">&gt;&gt;</a>&nbsp;&nbsp;&nbsp;__rt_entry
<LI><a href="#[ce]">&gt;&gt;</a>&nbsp;&nbsp;&nbsp;__scatterload
</UL>
<BR>[Address Reference Count : 1]<UL><LI> startup_stm32l072xx.o(.text)
</UL>
<P><STRONG><a name="[ce]"></a>__scatterload</STRONG> (Thumb, 0 bytes, Stack size unknown bytes, C:\Keil_v5\ARM\ARMCLANG\Bin\..\lib\armlib\c_p.l(__scatter.o)(!!!scatter))
<BR><BR>[Called By]<UL><LI><a href="#[27]">&gt;&gt;</a>&nbsp;&nbsp;&nbsp;__main
</UL>

<P><STRONG><a name="[d0]"></a>__scatterload_rt2</STRONG> (Thumb, 52 bytes, Stack size unknown bytes, C:\Keil_v5\ARM\ARMCLANG\Bin\..\lib\armlib\c_p.l(__scatter.o)(!!!scatter), UNUSED)
<BR><BR>[Calls]<UL><LI><a href="#[cf]">&gt;&gt;</a>&nbsp;&nbsp;&nbsp;__rt_entry
</UL>

<P><STRONG><a name="[3fe]"></a>__scatterload_rt2_thumb_only</STRONG> (Thumb, 0 bytes, Stack size unknown bytes, C:\Keil_v5\ARM\ARMCLANG\Bin\..\lib\armlib\c_p.l(__scatter.o)(!!!scatter), UNUSED)

<P><STRONG><a name="[3ff]"></a>__scatterload_null</STRONG> (Thumb, 0 bytes, Stack size unknown bytes, C:\Keil_v5\ARM\ARMCLANG\Bin\..\lib\armlib\c_p.l(__scatter.o)(!!!scatter), UNUSED)

<P><STRONG><a name="[400]"></a>__scatterload_zeroinit</STRONG> (Thumb, 28 bytes, Stack size unknown bytes, C:\Keil_v5\ARM\ARMCLANG\Bin\..\lib\armlib\c_p.l(__scatter_zi.o)(!!handler_zi), UNUSED)

<P><STRONG><a name="[15b]"></a>$Super$$__rt_lib_init</STRONG> (Thumb, 0 bytes, Stack size unknown bytes, C:\Keil_v5\ARM\ARMCLANG\Bin\..\lib\armlib\c_p.l(libinit.o)(.ARM.Collect$$libinit$$00000000))
<BR><BR>[Called By]<UL><LI><a href="#[15a]">&gt;&gt;</a>&nbsp;&nbsp;&nbsp;__rt_lib_init
</UL>

<P><STRONG><a name="[401]"></a>__rt_lib_init_fp_1</STRONG> (Thumb, 0 bytes, Stack size unknown bytes, C:\Keil_v5\ARM\ARMCLANG\Bin\..\lib\armlib\c_p.l(libinit2.o)(.ARM.Collect$$libinit$$00000002))

<P><STRONG><a name="[d1]"></a>__rt_lib_init_heap_2</STRONG> (Thumb, 0 bytes, Stack size unknown bytes, C:\Keil_v5\ARM\ARMCLANG\Bin\..\lib\armlib\c_p.l(libinit2.o)(.ARM.Collect$$libinit$$00000005))
<BR><BR>[Stack]<UL><LI>Max Depth = 208 + Unknown Stack Size
<LI>Call Chain = __rt_lib_init_heap_2 &rArr; _init_alloc &rArr; __Heap_Initialize &rArr; _mutex_initialize &rArr; malloc &rArr; malloc_internal$concurrent &rArr; __Heap_Full &rArr; __Heap_ProvideMemory &rArr; free_internal$concurrent &rArr; _mutex_release &rArr; osMutexRelease &rArr; EvrRtxMutexError &rArr; trap_rtx_error &rArr;  mbed_error (Cycle)
</UL>
<BR>[Calls]<UL><LI><a href="#[d2]">&gt;&gt;</a>&nbsp;&nbsp;&nbsp;_init_alloc
</UL>

<P><STRONG><a name="[402]"></a>__rt_lib_init_preinit_1</STRONG> (Thumb, 0 bytes, Stack size unknown bytes, C:\Keil_v5\ARM\ARMCLANG\Bin\..\lib\armlib\c_p.l(libinit2.o)(.ARM.Collect$$libinit$$00000004))

<P><STRONG><a name="[403]"></a>__rt_lib_init_heap_1</STRONG> (Thumb, 0 bytes, Stack size unknown bytes, C:\Keil_v5\ARM\ARMCLANG\Bin\..\lib\armlib\c_p.l(libinit2.o)(.ARM.Collect$$libinit$$0000000A))

<P><STRONG><a name="[d3]"></a>__rt_lib_init_lc_common</STRONG> (Thumb, 0 bytes, Stack size unknown bytes, C:\Keil_v5\ARM\ARMCLANG\Bin\..\lib\armlib\c_p.l(libinit2.o)(.ARM.Collect$$libinit$$0000000F))
<BR><BR>[Stack]<UL><LI>Max Depth = 8 + Unknown Stack Size
<LI>Call Chain = __rt_lib_init_lc_common &rArr; __rt_locale
</UL>
<BR>[Calls]<UL><LI><a href="#[d4]">&gt;&gt;</a>&nbsp;&nbsp;&nbsp;__rt_locale
</UL>

<P><STRONG><a name="[404]"></a>__rt_lib_init_rand_1</STRONG> (Thumb, 0 bytes, Stack size unknown bytes, C:\Keil_v5\ARM\ARMCLANG\Bin\..\lib\armlib\c_p.l(libinit2.o)(.ARM.Collect$$libinit$$0000000E))

<P><STRONG><a name="[405]"></a>__rt_lib_init_user_alloc_1</STRONG> (Thumb, 0 bytes, Stack size unknown bytes, C:\Keil_v5\ARM\ARMCLANG\Bin\..\lib\armlib\c_p.l(libinit2.o)(.ARM.Collect$$libinit$$0000000C))

<P><STRONG><a name="[406]"></a>__rt_lib_init_lc_collate_1</STRONG> (Thumb, 0 bytes, Stack size unknown bytes, C:\Keil_v5\ARM\ARMCLANG\Bin\..\lib\armlib\c_p.l(libinit2.o)(.ARM.Collect$$libinit$$00000011))

<P><STRONG><a name="[d5]"></a>__rt_lib_init_lc_ctype_2</STRONG> (Thumb, 0 bytes, Stack size unknown bytes, C:\Keil_v5\ARM\ARMCLANG\Bin\..\lib\armlib\c_p.l(libinit2.o)(.ARM.Collect$$libinit$$00000012))
<BR><BR>[Stack]<UL><LI>Max Depth = 24 + Unknown Stack Size
<LI>Call Chain = __rt_lib_init_lc_ctype_2 &rArr; _get_lc_ctype &rArr; strcmp
</UL>
<BR>[Calls]<UL><LI><a href="#[28]">&gt;&gt;</a>&nbsp;&nbsp;&nbsp;_get_lc_ctype
</UL>

<P><STRONG><a name="[407]"></a>__rt_lib_init_lc_ctype_1</STRONG> (Thumb, 0 bytes, Stack size unknown bytes, C:\Keil_v5\ARM\ARMCLANG\Bin\..\lib\armlib\c_p.l(libinit2.o)(.ARM.Collect$$libinit$$00000013))

<P><STRONG><a name="[408]"></a>__rt_lib_init_lc_monetary_1</STRONG> (Thumb, 0 bytes, Stack size unknown bytes, C:\Keil_v5\ARM\ARMCLANG\Bin\..\lib\armlib\c_p.l(libinit2.o)(.ARM.Collect$$libinit$$00000015))

<P><STRONG><a name="[d6]"></a>__rt_lib_init_lc_numeric_2</STRONG> (Thumb, 0 bytes, Stack size unknown bytes, C:\Keil_v5\ARM\ARMCLANG\Bin\..\lib\armlib\c_p.l(libinit2.o)(.ARM.Collect$$libinit$$00000016))
<BR><BR>[Stack]<UL><LI>Max Depth = 24 + Unknown Stack Size
<LI>Call Chain = __rt_lib_init_lc_numeric_2 &rArr; _get_lc_numeric &rArr; strcmp
</UL>
<BR>[Calls]<UL><LI><a href="#[d7]">&gt;&gt;</a>&nbsp;&nbsp;&nbsp;_get_lc_numeric
</UL>

<P><STRONG><a name="[409]"></a>__rt_lib_init_atexit_1</STRONG> (Thumb, 0 bytes, Stack size unknown bytes, C:\Keil_v5\ARM\ARMCLANG\Bin\..\lib\armlib\c_p.l(libinit2.o)(.ARM.Collect$$libinit$$0000001B))

<P><STRONG><a name="[40a]"></a>__rt_lib_init_clock_1</STRONG> (Thumb, 0 bytes, Stack size unknown bytes, C:\Keil_v5\ARM\ARMCLANG\Bin\..\lib\armlib\c_p.l(libinit2.o)(.ARM.Collect$$libinit$$00000021))

<P><STRONG><a name="[40b]"></a>__rt_lib_init_fp_trap_1</STRONG> (Thumb, 0 bytes, Stack size unknown bytes, C:\Keil_v5\ARM\ARMCLANG\Bin\..\lib\armlib\c_p.l(libinit2.o)(.ARM.Collect$$libinit$$0000001F))

<P><STRONG><a name="[40c]"></a>__rt_lib_init_getenv_1</STRONG> (Thumb, 0 bytes, Stack size unknown bytes, C:\Keil_v5\ARM\ARMCLANG\Bin\..\lib\armlib\c_p.l(libinit2.o)(.ARM.Collect$$libinit$$00000023))

<P><STRONG><a name="[40d]"></a>__rt_lib_init_lc_numeric_1</STRONG> (Thumb, 0 bytes, Stack size unknown bytes, C:\Keil_v5\ARM\ARMCLANG\Bin\..\lib\armlib\c_p.l(libinit2.o)(.ARM.Collect$$libinit$$00000017))

<P><STRONG><a name="[40e]"></a>__rt_lib_init_lc_time_1</STRONG> (Thumb, 0 bytes, Stack size unknown bytes, C:\Keil_v5\ARM\ARMCLANG\Bin\..\lib\armlib\c_p.l(libinit2.o)(.ARM.Collect$$libinit$$00000019))

<P><STRONG><a name="[40f]"></a>__rt_lib_init_signal_1</STRONG> (Thumb, 0 bytes, Stack size unknown bytes, C:\Keil_v5\ARM\ARMCLANG\Bin\..\lib\armlib\c_p.l(libinit2.o)(.ARM.Collect$$libinit$$0000001D))

<P><STRONG><a name="[d8]"></a>__rt_lib_init_stdio_2</STRONG> (Thumb, 0 bytes, Stack size unknown bytes, C:\Keil_v5\ARM\ARMCLANG\Bin\..\lib\armlib\c_p.l(libinit2.o)(.ARM.Collect$$libinit$$00000024))
<BR><BR>[Stack]<UL><LI>Max Depth = 952 + Unknown Stack Size
<LI>Call Chain = __rt_lib_init_stdio_2 &rArr; _initio &rArr; freopen &rArr; _freopen_locked &rArr; _sys_open &rArr; open &rArr; mbed::FilePath::FilePath(char const*) &rArr; mbed::FileBase::lookup(char const*, unsigned int) &rArr; rtos::Mutex::lock() &rArr; mbed_error &rArr; mbed_halt_system &rArr; mbed_die &rArr; gpio_init_out &rArr; gpio_init_out_ex &rArr; _gpio_init_out &rArr; gpio_init &rArr; gpio_set &rArr; pin_function &rArr; Set_GPIO_Clock &rArr; error &rArr;  mbed_halt_system (Cycle)
</UL>
<BR>[Calls]<UL><LI><a href="#[d9]">&gt;&gt;</a>&nbsp;&nbsp;&nbsp;_initio
</UL>

<P><STRONG><a name="[410]"></a>__rt_lib_init_alloca_1</STRONG> (Thumb, 0 bytes, Stack size unknown bytes, C:\Keil_v5\ARM\ARMCLANG\Bin\..\lib\armlib\c_p.l(libinit2.o)(.ARM.Collect$$libinit$$0000002E))

<P><STRONG><a name="[411]"></a>__rt_lib_init_argv_1</STRONG> (Thumb, 0 bytes, Stack size unknown bytes, C:\Keil_v5\ARM\ARMCLANG\Bin\..\lib\armlib\c_p.l(libinit2.o)(.ARM.Collect$$libinit$$0000002C))

<P><STRONG><a name="[da]"></a>__rt_lib_init_cpp_2</STRONG> (Thumb, 0 bytes, Stack size unknown bytes, C:\Keil_v5\ARM\ARMCLANG\Bin\..\lib\armlib\c_p.l(libinit2.o)(.ARM.Collect$$libinit$$00000031))
<BR><BR>[Stack]<UL><LI>Max Depth = 16 + Unknown Stack Size
<LI>Call Chain = __rt_lib_init_cpp_2 &rArr; __cpp_initialize__aeabi_
</UL>
<BR>[Calls]<UL><LI><a href="#[cd]">&gt;&gt;</a>&nbsp;&nbsp;&nbsp;__cpp_initialize__aeabi_
</UL>

<P><STRONG><a name="[412]"></a>__rt_lib_init_exceptions_1</STRONG> (Thumb, 0 bytes, Stack size unknown bytes, C:\Keil_v5\ARM\ARMCLANG\Bin\..\lib\armlib\c_p.l(libinit2.o)(.ARM.Collect$$libinit$$00000030))

<P><STRONG><a name="[413]"></a>__rt_lib_init_stdio_1</STRONG> (Thumb, 0 bytes, Stack size unknown bytes, C:\Keil_v5\ARM\ARMCLANG\Bin\..\lib\armlib\c_p.l(libinit2.o)(.ARM.Collect$$libinit$$00000025))

<P><STRONG><a name="[414]"></a>__rt_lib_init_cpp_1</STRONG> (Thumb, 0 bytes, Stack size unknown bytes, C:\Keil_v5\ARM\ARMCLANG\Bin\..\lib\armlib\c_p.l(libinit2.o)(.ARM.Collect$$libinit$$00000032))

<P><STRONG><a name="[415]"></a>__rt_lib_init_return</STRONG> (Thumb, 0 bytes, Stack size unknown bytes, C:\Keil_v5\ARM\ARMCLANG\Bin\..\lib\armlib\c_p.l(libinit2.o)(.ARM.Collect$$libinit$$00000033))

<P><STRONG><a name="[106]"></a>__aeabi_memcpy4</STRONG> (Thumb, 56 bytes, Stack size 0 bytes, C:\Keil_v5\ARM\ARMCLANG\Bin\..\lib\armlib\c_p.l(rt_memcpy.o)(.emb_text))
<BR><BR>[Called By]<UL><LI><a href="#[2f6]">&gt;&gt;</a>&nbsp;&nbsp;&nbsp;_serial_init_direct
<LI><a href="#[107]">&gt;&gt;</a>&nbsp;&nbsp;&nbsp;__aeabi_memmove4
<LI><a href="#[105]">&gt;&gt;</a>&nbsp;&nbsp;&nbsp;__aeabi_memcpy
</UL>

<P><STRONG><a name="[416]"></a>__aeabi_memcpy8</STRONG> (Thumb, 0 bytes, Stack size 0 bytes, C:\Keil_v5\ARM\ARMCLANG\Bin\..\lib\armlib\c_p.l(rt_memcpy.o)(.emb_text), UNUSED)

<P><STRONG><a name="[417]"></a>__rt_lib_shutdown_heap_2</STRONG> (Thumb, 0 bytes, Stack size 0 bytes, C:\Keil_v5\ARM\ARMCLANG\Bin\..\lib\armlib\c_p.l(libshutdown2.o)(.ARM.Collect$$libshutdown$$0000000F))

<P><STRONG><a name="[418]"></a>__rt_lib_shutdown_stdio_2</STRONG> (Thumb, 0 bytes, Stack size 0 bytes, C:\Keil_v5\ARM\ARMCLANG\Bin\..\lib\armlib\c_p.l(libshutdown2.o)(.ARM.Collect$$libshutdown$$00000004))

<P><STRONG><a name="[4]"></a>HardFault_Handler</STRONG> (Thumb, 4 bytes, Stack size 0 bytes, .\build\except.o(.text))
<BR><BR>[Stack]<UL><LI>Max Depth = 768<LI>Call Chain = HardFault_Handler &rArr; Fault_Handler &rArr; mbed_fault_handler &rArr; mbed_error &rArr; mbed_halt_system &rArr; mbed_die &rArr; gpio_init_out &rArr; gpio_init_out_ex &rArr; _gpio_init_out &rArr; gpio_init &rArr; gpio_set &rArr; pin_function &rArr; Set_GPIO_Clock &rArr; error &rArr;  mbed_halt_system (Cycle)
</UL>
<BR>[Calls]<UL><LI><a href="#[db]">&gt;&gt;</a>&nbsp;&nbsp;&nbsp;Fault_Handler
</UL>
<BR>[Address Reference Count : 1]<UL><LI> startup_stm32l072xx.o(RESET)
</UL>
<P><STRONG><a name="[dc]"></a>MemManage_Handler</STRONG> (Thumb, 4 bytes, Stack size 0 bytes, .\build\except.o(.text), UNUSED)
<BR><BR>[Calls]<UL><LI><a href="#[db]">&gt;&gt;</a>&nbsp;&nbsp;&nbsp;Fault_Handler
</UL>

<P><STRONG><a name="[dd]"></a>BusFault_Handler</STRONG> (Thumb, 4 bytes, Stack size 0 bytes, .\build\except.o(.text), UNUSED)
<BR><BR>[Calls]<UL><LI><a href="#[db]">&gt;&gt;</a>&nbsp;&nbsp;&nbsp;Fault_Handler
</UL>

<P><STRONG><a name="[419]"></a>UsageFault_Handler</STRONG> (Thumb, 2 bytes, Stack size 0 bytes, .\build\except.o(.text), UNUSED)

<P><STRONG><a name="[db]"></a>Fault_Handler</STRONG> (Thumb, 74 bytes, Stack size 0 bytes, .\build\except.o(.text))
<BR><BR>[Stack]<UL><LI>Max Depth = 768<LI>Call Chain = Fault_Handler &rArr; mbed_fault_handler &rArr; mbed_error &rArr; mbed_halt_system &rArr; mbed_die &rArr; gpio_init_out &rArr; gpio_init_out_ex &rArr; _gpio_init_out &rArr; gpio_init &rArr; gpio_set &rArr; pin_function &rArr; Set_GPIO_Clock &rArr; error &rArr;  mbed_halt_system (Cycle)
</UL>
<BR>[Calls]<UL><LI><a href="#[de]">&gt;&gt;</a>&nbsp;&nbsp;&nbsp;mbed_fault_handler
</UL>
<BR>[Called By]<UL><LI><a href="#[dd]">&gt;&gt;</a>&nbsp;&nbsp;&nbsp;BusFault_Handler
<LI><a href="#[dc]">&gt;&gt;</a>&nbsp;&nbsp;&nbsp;MemManage_Handler
<LI><a href="#[4]">&gt;&gt;</a>&nbsp;&nbsp;&nbsp;HardFault_Handler
</UL>

<P><STRONG><a name="[5]"></a>SVC_Handler</STRONG> (Thumb, 132 bytes, Stack size 0 bytes, .\build\irq_cm0.o(.text))
<BR>[Address Reference Count : 1]<UL><LI> startup_stm32l072xx.o(RESET)
</UL>
<P><STRONG><a name="[6]"></a>PendSV_Handler</STRONG> (Thumb, 12 bytes, Stack size 0 bytes, .\build\irq_cm0.o(.text))
<BR><BR>[Stack]<UL><LI>Max Depth = 56<LI>Call Chain = PendSV_Handler &rArr; osRtxPendSV_Handler &rArr; osRtxThreadDispatch &rArr; osRtxThreadReadyPut &rArr; osRtxThreadListPut
</UL>
<BR>[Calls]<UL><LI><a href="#[df]">&gt;&gt;</a>&nbsp;&nbsp;&nbsp;osRtxPendSV_Handler
</UL>
<BR>[Address Reference Count : 1]<UL><LI> startup_stm32l072xx.o(RESET)
</UL>
<P><STRONG><a name="[7]"></a>SysTick_Handler</STRONG> (Thumb, 12 bytes, Stack size 0 bytes, .\build\irq_cm0.o(.text))
<BR><BR>[Stack]<UL><LI>Max Depth = 80<LI>Call Chain = SysTick_Handler &rArr; osRtxTick_Handler &rArr; osRtxThreadDelayTick &rArr; osRtxMutexOwnerRestore &rArr; osRtxThreadListSort &rArr; osRtxThreadListPut
</UL>
<BR>[Calls]<UL><LI><a href="#[e0]">&gt;&gt;</a>&nbsp;&nbsp;&nbsp;osRtxTick_Handler
</UL>
<BR>[Address Reference Count : 2]<UL><LI> rtx_kernel.o(.text.svcRtxKernelStart)
<LI> startup_stm32l072xx.o(RESET)
</UL>
<P><STRONG><a name="[2]"></a>Reset_Handler</STRONG> (Thumb, 8 bytes, Stack size 0 bytes, .\build\startup_stm32l072xx.o(.text))
<BR>[Address Reference Count : 1]<UL><LI> startup_stm32l072xx.o(RESET)
</UL>
<P><STRONG><a name="[3]"></a>NMI_Handler</STRONG> (Thumb, 2 bytes, Stack size 0 bytes, .\build\startup_stm32l072xx.o(.text))
<BR><BR>[Calls]<UL><LI><a href="#[3]">&gt;&gt;</a>&nbsp;&nbsp;&nbsp;NMI_Handler
</UL>
<BR>[Called By]<UL><LI><a href="#[3]">&gt;&gt;</a>&nbsp;&nbsp;&nbsp;NMI_Handler
</UL>
<BR>[Address Reference Count : 1]<UL><LI> startup_stm32l072xx.o(RESET)
</UL>
<P><STRONG><a name="[14]"></a>ADC1_COMP_IRQHandler</STRONG> (Thumb, 0 bytes, Stack size 0 bytes, .\build\startup_stm32l072xx.o(.text))
<BR><BR>[Calls]<UL><LI><a href="#[14]">&gt;&gt;</a>&nbsp;&nbsp;&nbsp;ADC1_COMP_IRQHandler
</UL>
<BR>[Called By]<UL><LI><a href="#[14]">&gt;&gt;</a>&nbsp;&nbsp;&nbsp;ADC1_COMP_IRQHandler
</UL>
<BR>[Address Reference Count : 1]<UL><LI> startup_stm32l072xx.o(RESET)
</UL>
<P><STRONG><a name="[11]"></a>DMA1_Channel1_IRQHandler</STRONG> (Thumb, 0 bytes, Stack size 0 bytes, .\build\startup_stm32l072xx.o(.text))
<BR>[Address Reference Count : 1]<UL><LI> startup_stm32l072xx.o(RESET)
</UL>
<P><STRONG><a name="[12]"></a>DMA1_Channel2_3_IRQHandler</STRONG> (Thumb, 0 bytes, Stack size 0 bytes, .\build\startup_stm32l072xx.o(.text))
<BR>[Address Reference Count : 1]<UL><LI> startup_stm32l072xx.o(RESET)
</UL>
<P><STRONG><a name="[13]"></a>DMA1_Channel4_5_6_7_IRQHandler</STRONG> (Thumb, 0 bytes, Stack size 0 bytes, .\build\startup_stm32l072xx.o(.text))
<BR>[Address Reference Count : 1]<UL><LI> startup_stm32l072xx.o(RESET)
</UL>
<P><STRONG><a name="[d]"></a>EXTI0_1_IRQHandler</STRONG> (Thumb, 0 bytes, Stack size 0 bytes, .\build\startup_stm32l072xx.o(.text))
<BR>[Address Reference Count : 1]<UL><LI> startup_stm32l072xx.o(RESET)
</UL>
<P><STRONG><a name="[e]"></a>EXTI2_3_IRQHandler</STRONG> (Thumb, 0 bytes, Stack size 0 bytes, .\build\startup_stm32l072xx.o(.text))
<BR>[Address Reference Count : 1]<UL><LI> startup_stm32l072xx.o(RESET)
</UL>
<P><STRONG><a name="[f]"></a>EXTI4_15_IRQHandler</STRONG> (Thumb, 0 bytes, Stack size 0 bytes, .\build\startup_stm32l072xx.o(.text))
<BR>[Address Reference Count : 1]<UL><LI> startup_stm32l072xx.o(RESET)
</UL>
<P><STRONG><a name="[b]"></a>FLASH_IRQHandler</STRONG> (Thumb, 0 bytes, Stack size 0 bytes, .\build\startup_stm32l072xx.o(.text))
<BR>[Address Reference Count : 1]<UL><LI> startup_stm32l072xx.o(RESET)
</UL>
<P><STRONG><a name="[1e]"></a>I2C1_IRQHandler</STRONG> (Thumb, 0 bytes, Stack size 0 bytes, .\build\startup_stm32l072xx.o(.text))
<BR>[Address Reference Count : 1]<UL><LI> startup_stm32l072xx.o(RESET)
</UL>
<P><STRONG><a name="[1f]"></a>I2C2_IRQHandler</STRONG> (Thumb, 0 bytes, Stack size 0 bytes, .\build\startup_stm32l072xx.o(.text))
<BR>[Address Reference Count : 1]<UL><LI> startup_stm32l072xx.o(RESET)
</UL>
<P><STRONG><a name="[1c]"></a>I2C3_IRQHandler</STRONG> (Thumb, 0 bytes, Stack size 0 bytes, .\build\startup_stm32l072xx.o(.text))
<BR>[Address Reference Count : 1]<UL><LI> startup_stm32l072xx.o(RESET)
</UL>
<P><STRONG><a name="[15]"></a>LPTIM1_IRQHandler</STRONG> (Thumb, 0 bytes, Stack size 0 bytes, .\build\startup_stm32l072xx.o(.text))
<BR>[Address Reference Count : 1]<UL><LI> startup_stm32l072xx.o(RESET)
</UL>
<P><STRONG><a name="[9]"></a>PVD_IRQHandler</STRONG> (Thumb, 0 bytes, Stack size 0 bytes, .\build\startup_stm32l072xx.o(.text))
<BR>[Address Reference Count : 1]<UL><LI> startup_stm32l072xx.o(RESET)
</UL>
<P><STRONG><a name="[c]"></a>RCC_CRS_IRQHandler</STRONG> (Thumb, 0 bytes, Stack size 0 bytes, .\build\startup_stm32l072xx.o(.text))
<BR>[Address Reference Count : 1]<UL><LI> startup_stm32l072xx.o(RESET)
</UL>
<P><STRONG><a name="[24]"></a>RNG_LPUART1_IRQHandler</STRONG> (Thumb, 0 bytes, Stack size 0 bytes, .\build\startup_stm32l072xx.o(.text))
<BR>[Address Reference Count : 1]<UL><LI> startup_stm32l072xx.o(RESET)
</UL>
<P><STRONG><a name="[a]"></a>RTC_IRQHandler</STRONG> (Thumb, 0 bytes, Stack size 0 bytes, .\build\startup_stm32l072xx.o(.text))
<BR>[Address Reference Count : 1]<UL><LI> startup_stm32l072xx.o(RESET)
</UL>
<P><STRONG><a name="[20]"></a>SPI1_IRQHandler</STRONG> (Thumb, 0 bytes, Stack size 0 bytes, .\build\startup_stm32l072xx.o(.text))
<BR>[Address Reference Count : 1]<UL><LI> startup_stm32l072xx.o(RESET)
</UL>
<P><STRONG><a name="[21]"></a>SPI2_IRQHandler</STRONG> (Thumb, 0 bytes, Stack size 0 bytes, .\build\startup_stm32l072xx.o(.text))
<BR>[Address Reference Count : 1]<UL><LI> startup_stm32l072xx.o(RESET)
</UL>
<P><STRONG><a name="[1b]"></a>TIM21_IRQHandler</STRONG> (Thumb, 0 bytes, Stack size 0 bytes, .\build\startup_stm32l072xx.o(.text))
<BR>[Address Reference Count : 1]<UL><LI> startup_stm32l072xx.o(RESET)
</UL>
<P><STRONG><a name="[1d]"></a>TIM22_IRQHandler</STRONG> (Thumb, 0 bytes, Stack size 0 bytes, .\build\startup_stm32l072xx.o(.text))
<BR>[Address Reference Count : 1]<UL><LI> startup_stm32l072xx.o(RESET)
</UL>
<P><STRONG><a name="[17]"></a>TIM2_IRQHandler</STRONG> (Thumb, 0 bytes, Stack size 0 bytes, .\build\startup_stm32l072xx.o(.text))
<BR>[Address Reference Count : 1]<UL><LI> startup_stm32l072xx.o(RESET)
</UL>
<P><STRONG><a name="[18]"></a>TIM3_IRQHandler</STRONG> (Thumb, 0 bytes, Stack size 0 bytes, .\build\startup_stm32l072xx.o(.text))
<BR>[Address Reference Count : 1]<UL><LI> startup_stm32l072xx.o(RESET)
</UL>
<P><STRONG><a name="[19]"></a>TIM6_DAC_IRQHandler</STRONG> (Thumb, 0 bytes, Stack size 0 bytes, .\build\startup_stm32l072xx.o(.text))
<BR>[Address Reference Count : 1]<UL><LI> startup_stm32l072xx.o(RESET)
</UL>
<P><STRONG><a name="[1a]"></a>TIM7_IRQHandler</STRONG> (Thumb, 0 bytes, Stack size 0 bytes, .\build\startup_stm32l072xx.o(.text))
<BR>[Address Reference Count : 1]<UL><LI> startup_stm32l072xx.o(RESET)
</UL>
<P><STRONG><a name="[10]"></a>TSC_IRQHandler</STRONG> (Thumb, 0 bytes, Stack size 0 bytes, .\build\startup_stm32l072xx.o(.text))
<BR>[Address Reference Count : 1]<UL><LI> startup_stm32l072xx.o(RESET)
</UL>
<P><STRONG><a name="[22]"></a>USART1_IRQHandler</STRONG> (Thumb, 0 bytes, Stack size 0 bytes, .\build\startup_stm32l072xx.o(.text))
<BR>[Address Reference Count : 1]<UL><LI> startup_stm32l072xx.o(RESET)
</UL>
<P><STRONG><a name="[23]"></a>USART2_IRQHandler</STRONG> (Thumb, 0 bytes, Stack size 0 bytes, .\build\startup_stm32l072xx.o(.text))
<BR>[Address Reference Count : 1]<UL><LI> startup_stm32l072xx.o(RESET)
</UL>
<P><STRONG><a name="[16]"></a>USART4_5_IRQHandler</STRONG> (Thumb, 0 bytes, Stack size 0 bytes, .\build\startup_stm32l072xx.o(.text))
<BR>[Address Reference Count : 1]<UL><LI> startup_stm32l072xx.o(RESET)
</UL>
<P><STRONG><a name="[25]"></a>USB_IRQHandler</STRONG> (Thumb, 0 bytes, Stack size 0 bytes, .\build\startup_stm32l072xx.o(.text))
<BR>[Address Reference Count : 1]<UL><LI> startup_stm32l072xx.o(RESET)
</UL>
<P><STRONG><a name="[8]"></a>WWDG_IRQHandler</STRONG> (Thumb, 0 bytes, Stack size 0 bytes, .\build\startup_stm32l072xx.o(.text))
<BR>[Address Reference Count : 1]<UL><LI> startup_stm32l072xx.o(RESET)
</UL>
<P><STRONG><a name="[41a]"></a>__use_no_semihosting</STRONG> (Thumb, 2 bytes, Stack size 0 bytes, C:\Keil_v5\ARM\ARMCLANG\Bin\..\lib\armlib\c_p.l(use_no_semi_2.o)(.text), UNUSED)

<P><STRONG><a name="[e1]"></a>__rt_ctype_table</STRONG> (Thumb, 16 bytes, Stack size 8 bytes, C:\Keil_v5\ARM\ARMCLANG\Bin\..\lib\armlib\c_p.l(rt_ctype_table.o)(.text))
<BR><BR>[Stack]<UL><LI>Max Depth = 16<LI>Call Chain = __rt_ctype_table &rArr; __rt_locale
</UL>
<BR>[Calls]<UL><LI><a href="#[d4]">&gt;&gt;</a>&nbsp;&nbsp;&nbsp;__rt_locale
</UL>
<BR>[Called By]<UL><LI><a href="#[2b]">&gt;&gt;</a>&nbsp;&nbsp;&nbsp;isspace
<LI><a href="#[ef]">&gt;&gt;</a>&nbsp;&nbsp;&nbsp;strtol
</UL>

<P><STRONG><a name="[e2]"></a>__aeabi_errno_addr</STRONG> (Thumb, 8 bytes, Stack size 8 bytes, C:\Keil_v5\ARM\ARMCLANG\Bin\..\lib\armlib\c_p.l(rt_errno_addr_twolibspace.o)(.text))
<BR><BR>[Stack]<UL><LI>Max Depth = 48<LI>Call Chain = __aeabi_errno_addr &rArr; __user_perthread_libspace &rArr; os_kernel_is_active &rArr; osKernelGetState &rArr; svcRtxKernelGetState
</UL>
<BR>[Calls]<UL><LI><a href="#[e3]">&gt;&gt;</a>&nbsp;&nbsp;&nbsp;__user_perthread_libspace
</UL>
<BR>[Called By]<UL><LI><a href="#[300]">&gt;&gt;</a>&nbsp;&nbsp;&nbsp;write
<LI><a href="#[213]">&gt;&gt;</a>&nbsp;&nbsp;&nbsp;reserve_filehandle()
<LI><a href="#[212]">&gt;&gt;</a>&nbsp;&nbsp;&nbsp;handle_open_errors(int, unsigned int)
<LI><a href="#[208]">&gt;&gt;</a>&nbsp;&nbsp;&nbsp;unbind_from_fd(int, mbed::FileHandle*)
<LI><a href="#[2fd]">&gt;&gt;</a>&nbsp;&nbsp;&nbsp;lseek
<LI><a href="#[204]">&gt;&gt;</a>&nbsp;&nbsp;&nbsp;isatty
<LI><a href="#[319]">&gt;&gt;</a>&nbsp;&nbsp;&nbsp;fsync
<LI><a href="#[2f9]">&gt;&gt;</a>&nbsp;&nbsp;&nbsp;close
<LI><a href="#[12f]">&gt;&gt;</a>&nbsp;&nbsp;&nbsp;_sys_write
<LI><a href="#[f4]">&gt;&gt;</a>&nbsp;&nbsp;&nbsp;_sys_flen
<LI><a href="#[f3]">&gt;&gt;</a>&nbsp;&nbsp;&nbsp;_ftell_internal
<LI><a href="#[ef]">&gt;&gt;</a>&nbsp;&nbsp;&nbsp;strtol
<LI><a href="#[ee]">&gt;&gt;</a>&nbsp;&nbsp;&nbsp;atoi
<LI><a href="#[f0]">&gt;&gt;</a>&nbsp;&nbsp;&nbsp;_strtoul
<LI><a href="#[126]">&gt;&gt;</a>&nbsp;&nbsp;&nbsp;__set_errno
<LI><a href="#[125]">&gt;&gt;</a>&nbsp;&nbsp;&nbsp;__read_errno
<LI><a href="#[137]">&gt;&gt;</a>&nbsp;&nbsp;&nbsp;_fp_value
</UL>

<P><STRONG><a name="[41b]"></a>__errno$twolibspace</STRONG> (Thumb, 0 bytes, Stack size 8 bytes, C:\Keil_v5\ARM\ARMCLANG\Bin\..\lib\armlib\c_p.l(rt_errno_addr_twolibspace.o)(.text), UNUSED)

<P><STRONG><a name="[41c]"></a>__rt_errno_addr$twolibspace</STRONG> (Thumb, 0 bytes, Stack size 8 bytes, C:\Keil_v5\ARM\ARMCLANG\Bin\..\lib\armlib\c_p.l(rt_errno_addr_twolibspace.o)(.text), UNUSED)

<P><STRONG><a name="[e6]"></a>malloc_internal$concurrent</STRONG> (Thumb, 126 bytes, Stack size 24 bytes, C:\Keil_v5\ARM\ARMCLANG\Bin\..\lib\armlib\c_p.l(h1_alloc_threads.o)(.text))
<BR><BR>[Stack]<UL><LI>Max Depth = 136<LI>Call Chain = malloc_internal$concurrent &rArr; __Heap_Full &rArr; __Heap_ProvideMemory &rArr; free_internal$concurrent &rArr; _mutex_release &rArr; osMutexRelease &rArr; EvrRtxMutexError &rArr; trap_rtx_error &rArr;  mbed_error (Cycle)
</UL>
<BR>[Calls]<UL><LI><a href="#[ca]">&gt;&gt;</a>&nbsp;&nbsp;&nbsp;_mutex_release
<LI><a href="#[c9]">&gt;&gt;</a>&nbsp;&nbsp;&nbsp;_mutex_acquire
<LI><a href="#[e4]">&gt;&gt;</a>&nbsp;&nbsp;&nbsp;Heap1_SizeAdjust
<LI><a href="#[e7]">&gt;&gt;</a>&nbsp;&nbsp;&nbsp;__Heap_Full
</UL>
<BR>[Called By]<UL><LI><a href="#[e8]">&gt;&gt;</a>&nbsp;&nbsp;&nbsp;malloc
</UL>

<P><STRONG><a name="[e8]"></a>malloc</STRONG> (Thumb, 20 bytes, Stack size 8 bytes, C:\Keil_v5\ARM\ARMCLANG\Bin\..\lib\armlib\c_p.l(h1_alloc_threads.o)(.text))
<BR><BR>[Stack]<UL><LI>Max Depth = 144<LI>Call Chain = malloc &rArr; malloc_internal$concurrent &rArr; __Heap_Full &rArr; __Heap_ProvideMemory &rArr; free_internal$concurrent &rArr; _mutex_release &rArr; osMutexRelease &rArr; EvrRtxMutexError &rArr; trap_rtx_error &rArr;  mbed_error (Cycle)
</UL>
<BR>[Calls]<UL><LI><a href="#[e6]">&gt;&gt;</a>&nbsp;&nbsp;&nbsp;malloc_internal$concurrent
<LI><a href="#[e9]">&gt;&gt;</a>&nbsp;&nbsp;&nbsp;__rt_heap_descriptor
</UL>
<BR>[Called By]<UL><LI><a href="#[2e2]">&gt;&gt;</a>&nbsp;&nbsp;&nbsp;operator new(unsigned int)
<LI><a href="#[c8]">&gt;&gt;</a>&nbsp;&nbsp;&nbsp;_mutex_initialize
<LI><a href="#[104]">&gt;&gt;</a>&nbsp;&nbsp;&nbsp;fopen
<LI><a href="#[12b]">&gt;&gt;</a>&nbsp;&nbsp;&nbsp;__flsbuf
</UL>

<P><STRONG><a name="[ea]"></a>free_internal$concurrent</STRONG> (Thumb, 96 bytes, Stack size 24 bytes, C:\Keil_v5\ARM\ARMCLANG\Bin\..\lib\armlib\c_p.l(h1_free_threads.o)(.text))
<BR><BR>[Stack]<UL><LI>Max Depth = 80<LI>Call Chain = free_internal$concurrent &rArr; _mutex_release &rArr; osMutexRelease &rArr; EvrRtxMutexError &rArr; trap_rtx_error &rArr;  mbed_error (Cycle)
</UL>
<BR>[Calls]<UL><LI><a href="#[ca]">&gt;&gt;</a>&nbsp;&nbsp;&nbsp;_mutex_release
<LI><a href="#[c9]">&gt;&gt;</a>&nbsp;&nbsp;&nbsp;_mutex_acquire
</UL>
<BR>[Called By]<UL><LI><a href="#[eb]">&gt;&gt;</a>&nbsp;&nbsp;&nbsp;free
<LI><a href="#[121]">&gt;&gt;</a>&nbsp;&nbsp;&nbsp;__Heap_ProvideMemory
</UL>

<P><STRONG><a name="[eb]"></a>free</STRONG> (Thumb, 20 bytes, Stack size 8 bytes, C:\Keil_v5\ARM\ARMCLANG\Bin\..\lib\armlib\c_p.l(h1_free_threads.o)(.text))
<BR><BR>[Stack]<UL><LI>Max Depth = 88<LI>Call Chain = free &rArr; free_internal$concurrent &rArr; _mutex_release &rArr; osMutexRelease &rArr; EvrRtxMutexError &rArr; trap_rtx_error &rArr;  mbed_error (Cycle)
</UL>
<BR>[Calls]<UL><LI><a href="#[ea]">&gt;&gt;</a>&nbsp;&nbsp;&nbsp;free_internal$concurrent
<LI><a href="#[e9]">&gt;&gt;</a>&nbsp;&nbsp;&nbsp;__rt_heap_descriptor
</UL>
<BR>[Called By]<UL><LI><a href="#[235]">&gt;&gt;</a>&nbsp;&nbsp;&nbsp;operator delete(void*)
<LI><a href="#[cb]">&gt;&gt;</a>&nbsp;&nbsp;&nbsp;_mutex_free
<LI><a href="#[f8]">&gt;&gt;</a>&nbsp;&nbsp;&nbsp;_fclose_internal
<LI><a href="#[131]">&gt;&gt;</a>&nbsp;&nbsp;&nbsp;_terminateio
</UL>

<P><STRONG><a name="[154]"></a>__aeabi_llsl</STRONG> (Thumb, 32 bytes, Stack size 8 bytes, C:\Keil_v5\ARM\ARMCLANG\Bin\..\lib\armlib\c_p.l(llshl.o)(.text))
<BR><BR>[Stack]<UL><LI>Max Depth = 8<LI>Call Chain = __aeabi_llsl
</UL>
<BR>[Called By]<UL><LI><a href="#[34a]">&gt;&gt;</a>&nbsp;&nbsp;&nbsp;update_present_time
<LI><a href="#[309]">&gt;&gt;</a>&nbsp;&nbsp;&nbsp;compute_tick_round_up
<LI><a href="#[5d]">&gt;&gt;</a>&nbsp;&nbsp;&nbsp;_scanf_really_hex_real
</UL>

<P><STRONG><a name="[41d]"></a>_ll_shift_l</STRONG> (Thumb, 0 bytes, Stack size 8 bytes, C:\Keil_v5\ARM\ARMCLANG\Bin\..\lib\armlib\c_p.l(llshl.o)(.text), UNUSED)

<P><STRONG><a name="[30a]"></a>__aeabi_llsr</STRONG> (Thumb, 34 bytes, Stack size 8 bytes, C:\Keil_v5\ARM\ARMCLANG\Bin\..\lib\armlib\c_p.l(llushr.o)(.text))
<BR><BR>[Stack]<UL><LI>Max Depth = 8<LI>Call Chain = __aeabi_llsr
</UL>
<BR>[Called By]<UL><LI><a href="#[34a]">&gt;&gt;</a>&nbsp;&nbsp;&nbsp;update_present_time
<LI><a href="#[309]">&gt;&gt;</a>&nbsp;&nbsp;&nbsp;compute_tick_round_up
</UL>

<P><STRONG><a name="[41e]"></a>_ll_ushift_r</STRONG> (Thumb, 0 bytes, Stack size 8 bytes, C:\Keil_v5\ARM\ARMCLANG\Bin\..\lib\armlib\c_p.l(llushr.o)(.text), UNUSED)

<P><STRONG><a name="[138]"></a>__aeabi_lmul</STRONG> (Thumb, 48 bytes, Stack size 12 bytes, C:\Keil_v5\ARM\ARMCLANG\Bin\..\lib\armlib\c_p.l(llmul.o)(.text))
<BR><BR>[Stack]<UL><LI>Max Depth = 12<LI>Call Chain = __aeabi_lmul
</UL>
<BR>[Called By]<UL><LI><a href="#[1f5]">&gt;&gt;</a>&nbsp;&nbsp;&nbsp;mbed::TimerBase::reset()
<LI><a href="#[368]">&gt;&gt;</a>&nbsp;&nbsp;&nbsp;mbed_minimal_formatted_string_integer
<LI><a href="#[2bc]">&gt;&gt;</a>&nbsp;&nbsp;&nbsp;mbed::internal::SysTimer&lang;std::__2::ratio&lang;1ll, 1000ll&rang;, true&rang;::update_and_get_tick()
<LI><a href="#[2b8]">&gt;&gt;</a>&nbsp;&nbsp;&nbsp;mbed::internal::SysTimer&lang;std::__2::ratio&lang;1ll, 1000ll&rang;, true&rang;::set_wake_time(std::__2::chrono::time_point&lang;mbed::internal::SysTimer&lang;std::__2::ratio&lang;1ll, 1000ll&rang;, true&rang;, std::__2::chrono::duration&lang;unsigned long long, std::__2::ratio&lang;1ll, 1000ll&rang; &rang; &rang;)
<LI><a href="#[34a]">&gt;&gt;</a>&nbsp;&nbsp;&nbsp;update_present_time
<LI><a href="#[348]">&gt;&gt;</a>&nbsp;&nbsp;&nbsp;initialize
<LI><a href="#[309]">&gt;&gt;</a>&nbsp;&nbsp;&nbsp;compute_tick_round_up
<LI><a href="#[137]">&gt;&gt;</a>&nbsp;&nbsp;&nbsp;_fp_value
</UL>

<P><STRONG><a name="[41f]"></a>_ll_mul</STRONG> (Thumb, 0 bytes, Stack size 12 bytes, C:\Keil_v5\ARM\ARMCLANG\Bin\..\lib\armlib\c_p.l(llmul.o)(.text), UNUSED)

<P><STRONG><a name="[ec]"></a>__aeabi_ldivmod</STRONG> (Thumb, 166 bytes, Stack size 16 bytes, C:\Keil_v5\ARM\ARMCLANG\Bin\..\lib\armlib\c_p.l(llsdiv.o)(.text))
<BR><BR>[Stack]<UL><LI>Max Depth = 48<LI>Call Chain = __aeabi_ldivmod &rArr; __aeabi_uldivmod
</UL>
<BR>[Calls]<UL><LI><a href="#[ed]">&gt;&gt;</a>&nbsp;&nbsp;&nbsp;__aeabi_uldivmod
</UL>
<BR>[Called By]<UL><LI><a href="#[35c]">&gt;&gt;</a>&nbsp;&nbsp;&nbsp;main
[...]
</UL>
<BR>[Called By]<UL><LI><a href="#[19e]">&gt;&gt;</a>&nbsp;&nbsp;&nbsp;HAL_TIM_OC_Start
</UL>

<P><STRONG><a name="[3df]"></a>LL_TIM_GenerateEvent_CC1</STRONG> (Thumb, 10 bytes, Stack size 0 bytes, .\build\us_ticker.o(.text.LL_TIM_GenerateEvent_CC1))
<BR><BR>[Called By]<UL><LI><a href="#[c4]">&gt;&gt;</a>&nbsp;&nbsp;&nbsp;us_ticker_fire_interrupt
</UL>

<P><STRONG><a name="[342]"></a>__NVIC_EnableIRQ</STRONG> (Thumb, 12 bytes, Stack size 0 bytes, .\build\us_ticker.o(.text.__NVIC_EnableIRQ))
<BR><BR>[Called By]<UL><LI><a href="#[18d]">&gt;&gt;</a>&nbsp;&nbsp;&nbsp;init_16bit_timer
</UL>

<P><STRONG><a name="[341]"></a>__NVIC_SetVector</STRONG> (Thumb, 12 bytes, Stack size 0 bytes, .\build\us_ticker.o(.text.__NVIC_SetVector))
<BR><BR>[Called By]<UL><LI><a href="#[18d]">&gt;&gt;</a>&nbsp;&nbsp;&nbsp;init_16bit_timer
</UL>

<P><STRONG><a name="[c7]"></a>_GLOBAL__sub_I_main.cpp</STRONG> (Thumb, 68 bytes, Stack size 8 bytes, .\build\main.o(.text._GLOBAL__sub_I_main.cpp))
<BR><BR>[Stack]<UL><LI>Max Depth = 936<LI>Call Chain = _GLOBAL__sub_I_main.cpp &rArr; __cxx_global_var_init.3 &rArr; TCS3472_I2C::TCS3472_I2C(PinName, PinName) &rArr; TCS3472_I2C::enablePowerAndRGBC() &rArr; TCS3472_I2C::readSingleRegister(char) &rArr; mbed::I2C::write(int, char const*, int, bool) &rArr; i2c_write &rArr; i2c_init_internal &rArr; pinmap_pinout &rArr; mbed_error &rArr; mbed_halt_system &rArr; mbed_die &rArr; gpio_init_out &rArr; gpio_init_out_ex &rArr; _gpio_init_out &rArr; gpio_init &rArr; gpio_set &rArr; pin_function &rArr; Set_GPIO_Clock &rArr; error &rArr;  mbed_halt_system (Cycle)
</UL>
<BR>[Calls]<UL><LI><a href="#[1d9]">&gt;&gt;</a>&nbsp;&nbsp;&nbsp;__cxx_global_var_init.9
<LI><a href="#[1d8]">&gt;&gt;</a>&nbsp;&nbsp;&nbsp;__cxx_global_var_init.8
<LI><a href="#[1d7]">&gt;&gt;</a>&nbsp;&nbsp;&nbsp;__cxx_global_var_init.7
<LI><a href="#[1d6]">&gt;&gt;</a>&nbsp;&nbsp;&nbsp;__cxx_global_var_init.6
<LI><a href="#[1d5]">&gt;&gt;</a>&nbsp;&nbsp;&nbsp;__cxx_global_var_init.5
<LI><a href="#[1d4]">&gt;&gt;</a>&nbsp;&nbsp;&nbsp;__cxx_global_var_init.4
<LI><a href="#[1d3]">&gt;&gt;</a>&nbsp;&nbsp;&nbsp;__cxx_global_var_init.3
<LI><a href="#[1d2]">&gt;&gt;</a>&nbsp;&nbsp;&nbsp;__cxx_global_var_init.2
<LI><a href="#[1df]">&gt;&gt;</a>&nbsp;&nbsp;&nbsp;__cxx_global_var_init.15
<LI><a href="#[1de]">&gt;&gt;</a>&nbsp;&nbsp;&nbsp;__cxx_global_var_init.14
<LI><a href="#[1dd]">&gt;&gt;</a>&nbsp;&nbsp;&nbsp;__cxx_global_var_init.13
<LI><a href="#[1dc]">&gt;&gt;</a>&nbsp;&nbsp;&nbsp;__cxx_global_var_init.12
<LI><a href="#[1db]">&gt;&gt;</a>&nbsp;&nbsp;&nbsp;__cxx_global_var_init.11
<LI><a href="#[1da]">&gt;&gt;</a>&nbsp;&nbsp;&nbsp;__cxx_global_var_init.10
<LI><a href="#[1d1]">&gt;&gt;</a>&nbsp;&nbsp;&nbsp;__cxx_global_var_init.1
<LI><a href="#[1d0]">&gt;&gt;</a>&nbsp;&nbsp;&nbsp;__cxx_global_var_init
</UL>
<BR>[Address Reference Count : 1]<UL><LI> main.o(.init_array)
</UL>
<P><STRONG><a name="[1d0]"></a>__cxx_global_var_init</STRONG> (Thumb, 16 bytes, Stack size 8 bytes, .\build\main.o(.text.__cxx_global_var_init))
<BR><BR>[Stack]<UL><LI>Max Depth = 896<LI>Call Chain = __cxx_global_var_init &rArr; mbed::I2C::I2C(PinName, PinName) &rArr; i2c_init &rArr; _i2c_init_direct &rArr; i2c_init_internal &rArr; pinmap_pinout &rArr; mbed_error &rArr; mbed_halt_system &rArr; mbed_die &rArr; gpio_init_out &rArr; gpio_init_out_ex &rArr; _gpio_init_out &rArr; gpio_init &rArr; gpio_set &rArr; pin_function &rArr; Set_GPIO_Clock &rArr; error &rArr;  mbed_halt_system (Cycle)
</UL>
<BR>[Calls]<UL><LI><a href="#[21e]">&gt;&gt;</a>&nbsp;&nbsp;&nbsp;mbed::I2C::I2C(PinName, PinName)
</UL>
<BR>[Called By]<UL><LI><a href="#[c7]">&gt;&gt;</a>&nbsp;&nbsp;&nbsp;_GLOBAL__sub_I_main.cpp
</UL>

<P><STRONG><a name="[1d1]"></a>__cxx_global_var_init.1</STRONG> (Thumb, 16 bytes, Stack size 8 bytes, .\build\main.o(.text.__cxx_global_var_init.1))
<BR><BR>[Stack]<UL><LI>Max Depth = 840<LI>Call Chain = __cxx_global_var_init.1 &rArr; mbed::AnalogIn::AnalogIn(PinName, float) &rArr; analogin_init &rArr; pinmap_peripheral &rArr; mbed_error &rArr; mbed_halt_system &rArr; mbed_die &rArr; gpio_init_out &rArr; gpio_init_out_ex &rArr; _gpio_init_out &rArr; gpio_init &rArr; gpio_set &rArr; pin_function &rArr; Set_GPIO_Clock &rArr; error &rArr;  mbed_halt_system (Cycle)
</UL>
<BR>[Calls]<UL><LI><a href="#[297]">&gt;&gt;</a>&nbsp;&nbsp;&nbsp;mbed::AnalogIn::AnalogIn(PinName, float)
</UL>
<BR>[Called By]<UL><LI><a href="#[c7]">&gt;&gt;</a>&nbsp;&nbsp;&nbsp;_GLOBAL__sub_I_main.cpp
</UL>

<P><STRONG><a name="[1da]"></a>__cxx_global_var_init.10</STRONG> (Thumb, 12 bytes, Stack size 8 bytes, .\build\main.o(.text.__cxx_global_var_init.10))
<BR><BR>[Stack]<UL><LI>Max Depth = 736<LI>Call Chain = __cxx_global_var_init.10 &rArr; mbed::DigitalOut::DigitalOut__sub_object(PinName) &rArr; gpio_init_out &rArr; gpio_init_out_ex &rArr; _gpio_init_out &rArr; gpio_init &rArr; gpio_set &rArr; pin_function &rArr; Set_GPIO_Clock &rArr; error &rArr;  mbed_halt_system (Cycle)
</UL>
<BR>[Calls]<UL><LI><a href="#[23f]">&gt;&gt;</a>&nbsp;&nbsp;&nbsp;mbed::DigitalOut::DigitalOut__sub_object(PinName)
</UL>
<BR>[Called By]<UL><LI><a href="#[c7]">&gt;&gt;</a>&nbsp;&nbsp;&nbsp;_GLOBAL__sub_I_main.cpp
</UL>

<P><STRONG><a name="[1db]"></a>__cxx_global_var_init.11</STRONG> (Thumb, 12 bytes, Stack size 8 bytes, .\build\main.o(.text.__cxx_global_var_init.11))
<BR><BR>[Stack]<UL><LI>Max Depth = 736<LI>Call Chain = __cxx_global_var_init.11 &rArr; mbed::DigitalOut::DigitalOut__sub_object(PinName) &rArr; gpio_init_out &rArr; gpio_init_out_ex &rArr; _gpio_init_out &rArr; gpio_init &rArr; gpio_set &rArr; pin_function &rArr; Set_GPIO_Clock &rArr; error &rArr;  mbed_halt_system (Cycle)
</UL>
<BR>[Calls]<UL><LI><a href="#[23f]">&gt;&gt;</a>&nbsp;&nbsp;&nbsp;mbed::DigitalOut::DigitalOut__sub_object(PinName)
</UL>
<BR>[Called By]<UL><LI><a href="#[c7]">&gt;&gt;</a>&nbsp;&nbsp;&nbsp;_GLOBAL__sub_I_main.cpp
</UL>

<P><STRONG><a name="[1dc]"></a>__cxx_global_var_init.12</STRONG> (Thumb, 12 bytes, Stack size 0 bytes, .\build\main.o(.text.__cxx_global_var_init.12))
<BR><BR>[Called By]<UL><LI><a href="#[c7]">&gt;&gt;</a>&nbsp;&nbsp;&nbsp;_GLOBAL__sub_I_main.cpp
</UL>

<P><STRONG><a name="[1dd]"></a>__cxx_global_var_init.13</STRONG> (Thumb, 12 bytes, Stack size 0 bytes, .\build\main.o(.text.__cxx_global_var_init.13))
<BR><BR>[Called By]<UL><LI><a href="#[c7]">&gt;&gt;</a>&nbsp;&nbsp;&nbsp;_GLOBAL__sub_I_main.cpp
</UL>

<P><STRONG><a name="[1de]"></a>__cxx_global_var_init.14</STRONG> (Thumb, 24 bytes, Stack size 8 bytes, .\build\main.o(.text.__cxx_global_var_init.14))
<BR><BR>[Stack]<UL><LI>Max Depth = 808<LI>Call Chain = __cxx_global_var_init.14 &rArr; std::__2::basic_string&lang;char, std::__2::char_traits&lang;char&rang;, std::__2::allocator&lang;char&rang; &rang;::__init(char const*, unsigned int) &rArr; operator new(unsigned int) &rArr; mbed_error &rArr; mbed_halt_system &rArr; mbed_die &rArr; gpio_init_out &rArr; gpio_init_out_ex &rArr; _gpio_init_out &rArr; gpio_init &rArr; gpio_set &rArr; pin_function &rArr; Set_GPIO_Clock &rArr; error &rArr;  mbed_halt_system (Cycle)
</UL>
<BR>[Calls]<UL><LI><a href="#[2e3]">&gt;&gt;</a>&nbsp;&nbsp;&nbsp;std::__2::basic_string&lang;char, std::__2::char_traits&lang;char&rang;, std::__2::allocator&lang;char&rang; &rang;::__init(char const*, unsigned int)
<LI><a href="#[2de]">&gt;&gt;</a>&nbsp;&nbsp;&nbsp;std::__2::char_traits&lang;char&rang;::length(char const*)
</UL>
<BR>[Called By]<UL><LI><a href="#[c7]">&gt;&gt;</a>&nbsp;&nbsp;&nbsp;_GLOBAL__sub_I_main.cpp
</UL>

<P><STRONG><a name="[1df]"></a>__cxx_global_var_init.15</STRONG> (Thumb, 12 bytes, Stack size 8 bytes, .\build\main.o(.text.__cxx_global_var_init.15))
<BR><BR>[Stack]<UL><LI>Max Depth = 32<LI>Call Chain = __cxx_global_var_init.15 &rArr; mbed::Timer::Timer() &rArr; mbed::TimerBase::TimerBase__sub_object(ticker_data_t const*, bool)
</UL>
<BR>[Calls]<UL><LI><a href="#[28a]">&gt;&gt;</a>&nbsp;&nbsp;&nbsp;mbed::Timer::Timer()
</UL>
<BR>[Called By]<UL><LI><a href="#[c7]">&gt;&gt;</a>&nbsp;&nbsp;&nbsp;_GLOBAL__sub_I_main.cpp
</UL>

<P><STRONG><a name="[1d2]"></a>__cxx_global_var_init.2</STRONG> (Thumb, 16 bytes, Stack size 8 bytes, .\build\main.o(.text.__cxx_global_var_init.2))
<BR><BR>[Stack]<UL><LI>Max Depth = 840<LI>Call Chain = __cxx_global_var_init.2 &rArr; mbed::AnalogIn::AnalogIn(PinName, float) &rArr; analogin_init &rArr; pinmap_peripheral &rArr; mbed_error &rArr; mbed_halt_system &rArr; mbed_die &rArr; gpio_init_out &rArr; gpio_init_out_ex &rArr; _gpio_init_out &rArr; gpio_init &rArr; gpio_set &rArr; pin_function &rArr; Set_GPIO_Clock &rArr; error &rArr;  mbed_halt_system (Cycle)
</UL>
<BR>[Calls]<UL><LI><a href="#[297]">&gt;&gt;</a>&nbsp;&nbsp;&nbsp;mbed::AnalogIn::AnalogIn(PinName, float)
</UL>
<BR>[Called By]<UL><LI><a href="#[c7]">&gt;&gt;</a>&nbsp;&nbsp;&nbsp;_GLOBAL__sub_I_main.cpp
</UL>

<P><STRONG><a name="[1d3]"></a>__cxx_global_var_init.3</STRONG> (Thumb, 16 bytes, Stack size 8 bytes, .\build\main.o(.text.__cxx_global_var_init.3))
<BR><BR>[Stack]<UL><LI>Max Depth = 928<LI>Call Chain = __cxx_global_var_init.3 &rArr; TCS3472_I2C::TCS3472_I2C(PinName, PinName) &rArr; TCS3472_I2C::enablePowerAndRGBC() &rArr; TCS3472_I2C::readSingleRegister(char) &rArr; mbed::I2C::write(int, char const*, int, bool) &rArr; i2c_write &rArr; i2c_init_internal &rArr; pinmap_pinout &rArr; mbed_error &rArr; mbed_halt_system &rArr; mbed_die &rArr; gpio_init_out &rArr; gpio_init_out_ex &rArr; _gpio_init_out &rArr; gpio_init &rArr; gpio_set &rArr; pin_function &rArr; Set_GPIO_Clock &rArr; error &rArr;  mbed_halt_system (Cycle)
</UL>
<BR>[Calls]<UL><LI><a href="#[21d]">&gt;&gt;</a>&nbsp;&nbsp;&nbsp;TCS3472_I2C::TCS3472_I2C(PinName, PinName)
</UL>
<BR>[Called By]<UL><LI><a href="#[c7]">&gt;&gt;</a>&nbsp;&nbsp;&nbsp;_GLOBAL__sub_I_main.cpp
</UL>

<P><STRONG><a name="[1d4]"></a>__cxx_global_var_init.4</STRONG> (Thumb, 16 bytes, Stack size 8 bytes, .\build\main.o(.text.__cxx_global_var_init.4))
<BR><BR>[Stack]<UL><LI>Max Depth = 920<LI>Call Chain = __cxx_global_var_init.4 &rArr; MMA8451Q::MMA8451Q(PinName, PinName, int) &rArr; mbed::I2C::I2C(PinName, PinName) &rArr; i2c_init &rArr; _i2c_init_direct &rArr; i2c_init_internal &rArr; pinmap_pinout &rArr; mbed_error &rArr; mbed_halt_system &rArr; mbed_die &rArr; gpio_init_out &rArr; gpio_init_out_ex &rArr; _gpio_init_out &rArr; gpio_init &rArr; gpio_set &rArr; pin_function &rArr; Set_GPIO_Clock &rArr; error &rArr;  mbed_halt_system (Cycle)
</UL>
<BR>[Calls]<UL><LI><a href="#[2d5]">&gt;&gt;</a>&nbsp;&nbsp;&nbsp;MMA8451Q::MMA8451Q(PinName, PinName, int)
</UL>
<BR>[Called By]<UL><LI><a href="#[c7]">&gt;&gt;</a>&nbsp;&nbsp;&nbsp;_GLOBAL__sub_I_main.cpp
</UL>

<P><STRONG><a name="[1d5]"></a>__cxx_global_var_init.5</STRONG> (Thumb, 12 bytes, Stack size 8 bytes, .\build\main.o(.text.__cxx_global_var_init.5))
<BR><BR>[Stack]<UL><LI>Max Depth = 736<LI>Call Chain = __cxx_global_var_init.5 &rArr; mbed::InterruptIn::InterruptIn(PinName) &rArr; gpio_init_in &rArr; gpio_init_in_ex &rArr; _gpio_init_in &rArr; gpio_init &rArr; gpio_set &rArr; pin_function &rArr; Set_GPIO_Clock &rArr; error &rArr;  mbed_halt_system (Cycle)
</UL>
<BR>[Calls]<UL><LI><a href="#[266]">&gt;&gt;</a>&nbsp;&nbsp;&nbsp;mbed::InterruptIn::InterruptIn(PinName)
</UL>
<BR>[Called By]<UL><LI><a href="#[c7]">&gt;&gt;</a>&nbsp;&nbsp;&nbsp;_GLOBAL__sub_I_main.cpp
</UL>

<P><STRONG><a name="[1d6]"></a>__cxx_global_var_init.6</STRONG> (Thumb, 12 bytes, Stack size 8 bytes, .\build\main.o(.text.__cxx_global_var_init.6))
<BR><BR>[Stack]<UL><LI>Max Depth = 736<LI>Call Chain = __cxx_global_var_init.6 &rArr; mbed::DigitalOut::DigitalOut__sub_object(PinName) &rArr; gpio_init_out &rArr; gpio_init_out_ex &rArr; _gpio_init_out &rArr; gpio_init &rArr; gpio_set &rArr; pin_function &rArr; Set_GPIO_Clock &rArr; error &rArr;  mbed_halt_system (Cycle)
</UL>
<BR>[Calls]<UL><LI><a href="#[23f]">&gt;&gt;</a>&nbsp;&nbsp;&nbsp;mbed::DigitalOut::DigitalOut__sub_object(PinName)
</UL>
<BR>[Called By]<UL><LI><a href="#[c7]">&gt;&gt;</a>&nbsp;&nbsp;&nbsp;_GLOBAL__sub_I_main.cpp
</UL>

<P><STRONG><a name="[1d7]"></a>__cxx_global_var_init.7</STRONG> (Thumb, 12 bytes, Stack size 8 bytes, .\build\main.o(.text.__cxx_global_var_init.7))
<BR><BR>[Stack]<UL><LI>Max Depth = 736<LI>Call Chain = __cxx_global_var_init.7 &rArr; mbed::DigitalOut::DigitalOut__sub_object(PinName) &rArr; gpio_init_out &rArr; gpio_init_out_ex &rArr; _gpio_init_out &rArr; gpio_init &rArr; gpio_set &rArr; pin_function &rArr; Set_GPIO_Clock &rArr; error &rArr;  mbed_halt_system (Cycle)
</UL>
<BR>[Calls]<UL><LI><a href="#[23f]">&gt;&gt;</a>&nbsp;&nbsp;&nbsp;mbed::DigitalOut::DigitalOut__sub_object(PinName)
</UL>
<BR>[Called By]<UL><LI><a href="#[c7]">&gt;&gt;</a>&nbsp;&nbsp;&nbsp;_GLOBAL__sub_I_main.cpp
</UL>

<P><STRONG><a name="[1d8]"></a>__cxx_global_var_init.8</STRONG> (Thumb, 12 bytes, Stack size 8 bytes, .\build\main.o(.text.__cxx_global_var_init.8))
<BR><BR>[Stack]<UL><LI>Max Depth = 736<LI>Call Chain = __cxx_global_var_init.8 &rArr; mbed::DigitalOut::DigitalOut__sub_object(PinName) &rArr; gpio_init_out &rArr; gpio_init_out_ex &rArr; _gpio_init_out &rArr; gpio_init &rArr; gpio_set &rArr; pin_function &rArr; Set_GPIO_Clock &rArr; error &rArr;  mbed_halt_system (Cycle)
</UL>
<BR>[Calls]<UL><LI><a href="#[23f]">&gt;&gt;</a>&nbsp;&nbsp;&nbsp;mbed::DigitalOut::DigitalOut__sub_object(PinName)
</UL>
<BR>[Called By]<UL><LI><a href="#[c7]">&gt;&gt;</a>&nbsp;&nbsp;&nbsp;_GLOBAL__sub_I_main.cpp
</UL>

<P><STRONG><a name="[1d9]"></a>__cxx_global_var_init.9</STRONG> (Thumb, 12 bytes, Stack size 8 bytes, .\build\main.o(.text.__cxx_global_var_init.9))
<BR><BR>[Stack]<UL><LI>Max Depth = 736<LI>Call Chain = __cxx_global_var_init.9 &rArr; mbed::DigitalOut::DigitalOut__sub_object(PinName) &rArr; gpio_init_out &rArr; gpio_init_out_ex &rArr; _gpio_init_out &rArr; gpio_init &rArr; gpio_set &rArr; pin_function &rArr; Set_GPIO_Clock &rArr; error &rArr;  mbed_halt_system (Cycle)
</UL>
<BR>[Calls]<UL><LI><a href="#[23f]">&gt;&gt;</a>&nbsp;&nbsp;&nbsp;mbed::DigitalOut::DigitalOut__sub_object(PinName)
</UL>
<BR>[Called By]<UL><LI><a href="#[c7]">&gt;&gt;</a>&nbsp;&nbsp;&nbsp;_GLOBAL__sub_I_main.cpp
</UL>

<P><STRONG><a name="[e5]"></a>AlignUp</STRONG> (Thumb, 10 bytes, Stack size 0 bytes, C:\Keil_v5\ARM\ARMCLANG\Bin\..\lib\armlib\c_p.l(h1_alloc_threads.o)(.text))
<BR><BR>[Called By]<UL><LI><a href="#[e4]">&gt;&gt;</a>&nbsp;&nbsp;&nbsp;Heap1_SizeAdjust
</UL>

<P><STRONG><a name="[e4]"></a>Heap1_SizeAdjust</STRONG> (Thumb, 6 bytes, Stack size 0 bytes, C:\Keil_v5\ARM\ARMCLANG\Bin\..\lib\armlib\c_p.l(h1_alloc_threads.o)(.text))
<BR><BR>[Calls]<UL><LI><a href="#[e5]">&gt;&gt;</a>&nbsp;&nbsp;&nbsp;AlignUp
</UL>
<BR>[Called By]<UL><LI><a href="#[e6]">&gt;&gt;</a>&nbsp;&nbsp;&nbsp;malloc_internal$concurrent
</UL>

<P><STRONG><a name="[101]"></a>_freopen_locked</STRONG> (Thumb, 174 bytes, Stack size 40 bytes, C:\Keil_v5\ARM\ARMCLANG\Bin\..\lib\armlib\c_p.l(fopen_locked.o)(.text))
<BR><BR>[Stack]<UL><LI>Max Depth = 920<LI>Call Chain = _freopen_locked &rArr; _sys_open &rArr; open &rArr; mbed::FilePath::FilePath(char const*) &rArr; mbed::FileBase::lookup(char const*, unsigned int) &rArr; rtos::Mutex::lock() &rArr; mbed_error &rArr; mbed_halt_system &rArr; mbed_die &rArr; gpio_init_out &rArr; gpio_init_out_ex &rArr; _gpio_init_out &rArr; gpio_init &rArr; gpio_set &rArr; pin_function &rArr; Set_GPIO_Clock &rArr; error &rArr;  mbed_halt_system (Cycle)
</UL>
<BR>[Calls]<UL><LI><a href="#[ca]">&gt;&gt;</a>&nbsp;&nbsp;&nbsp;_mutex_release
<LI><a href="#[c9]">&gt;&gt;</a>&nbsp;&nbsp;&nbsp;_mutex_acquire
<LI><a href="#[102]">&gt;&gt;</a>&nbsp;&nbsp;&nbsp;_sys_open
<LI><a href="#[f8]">&gt;&gt;</a>&nbsp;&nbsp;&nbsp;_fclose_internal
<LI><a href="#[f1]">&gt;&gt;</a>&nbsp;&nbsp;&nbsp;_fseek
</UL>
<BR>[Called By]<UL><LI><a href="#[104]">&gt;&gt;</a>&nbsp;&nbsp;&nbsp;fopen
<LI><a href="#[103]">&gt;&gt;</a>&nbsp;&nbsp;&nbsp;freopen
</UL>

<P><STRONG><a name="[110]"></a>_dadd1</STRONG> (Thumb, 290 bytes, Stack size 20 bytes, C:\Keil_v5\ARM\ARMCLANG\Bin\..\lib\armlib\fz_ps.l(daddsub.o)(.text), UNUSED)
<BR><BR>[Called By]<UL><LI><a href="#[112]">&gt;&gt;</a>&nbsp;&nbsp;&nbsp;_drsb
<LI><a href="#[111]">&gt;&gt;</a>&nbsp;&nbsp;&nbsp;_dsub
<LI><a href="#[10e]">&gt;&gt;</a>&nbsp;&nbsp;&nbsp;_dadd
</UL>

<P><STRONG><a name="[10f]"></a>_dsub1</STRONG> (Thumb, 470 bytes, Stack size 40 bytes, C:\Keil_v5\ARM\ARMCLANG\Bin\..\lib\armlib\fz_ps.l(daddsub.o)(.text), UNUSED)
<BR><BR>[Called By]<UL><LI><a href="#[112]">&gt;&gt;</a>&nbsp;&nbsp;&nbsp;_drsb
<LI><a href="#[111]">&gt;&gt;</a>&nbsp;&nbsp;&nbsp;_dsub
<LI><a href="#[10e]">&gt;&gt;</a>&nbsp;&nbsp;&nbsp;_dadd
</UL>

<P><STRONG><a name="[3fd]"></a>_fadd1</STRONG> (Thumb, 0 bytes, Stack size unknown bytes, C:\Keil_v5\ARM\ARMCLANG\Bin\..\lib\armlib\fz_ps.l(faddsub.o)(x$fpl$fadd), UNUSED)
<BR><BR>[Called By]<UL><LI><a href="#[3fc]">&gt;&gt;</a>&nbsp;&nbsp;&nbsp;_fsub
</UL>

<P><STRONG><a name="[3fb]"></a>_fsub1</STRONG> (Thumb, 0 bytes, Stack size unknown bytes, C:\Keil_v5\ARM\ARMCLANG\Bin\..\lib\armlib\fz_ps.l(faddsub.o)(x$fpl$fsub), UNUSED)
<BR><BR>[Called By]<UL><LI><a href="#[3fa]">&gt;&gt;</a>&nbsp;&nbsp;&nbsp;_fadd
</UL>

<P><STRONG><a name="[128]"></a>_local_sscanf</STRONG> (Thumb, 70 bytes, Stack size 56 bytes, C:\Keil_v5\ARM\ARMCLANG\Bin\..\lib\armlib\c_p.l(strtod.o)(.text))
<BR><BR>[Stack]<UL><LI>Max Depth = 64<LI>Call Chain = _local_sscanf &rArr; _scanf_real
</UL>
<BR>[Calls]<UL><LI><a href="#[129]">&gt;&gt;</a>&nbsp;&nbsp;&nbsp;_scanf_real
</UL>
<BR>[Called By]<UL><LI><a href="#[12a]">&gt;&gt;</a>&nbsp;&nbsp;&nbsp;__strtod_int
</UL>

<P><STRONG><a name="[136]"></a>AlignUpOffset</STRONG> (Thumb, 14 bytes, Stack size 0 bytes, C:\Keil_v5\ARM\ARMCLANG\Bin\..\lib\armlib\c_p.l(h1_extend_threads.o)(.text))
<BR><BR>[Called By]<UL><LI><a href="#[121]">&gt;&gt;</a>&nbsp;&nbsp;&nbsp;__Heap_ProvideMemory
</UL>

<P><STRONG><a name="[137]"></a>_fp_value</STRONG> (Thumb, 602 bytes, Stack size 80 bytes, C:\Keil_v5\ARM\ARMCLANG\Bin\..\lib\armlib\c_p.l(scanf_fp.o)(.text))
<BR><BR>[Stack]<UL><LI>Max Depth = 248<LI>Call Chain = _fp_value &rArr; _btod_etento &rArr; _btod_emul &rArr; btod_internal_mul &rArr; __ARM_common_ll_muluu
</UL>
<BR>[Calls]<UL><LI><a href="#[138]">&gt;&gt;</a>&nbsp;&nbsp;&nbsp;__aeabi_lmul
<LI><a href="#[e2]">&gt;&gt;</a>&nbsp;&nbsp;&nbsp;__aeabi_errno_addr
<LI><a href="#[13b]">&gt;&gt;</a>&nbsp;&nbsp;&nbsp;_btod_edivd
<LI><a href="#[13a]">&gt;&gt;</a>&nbsp;&nbsp;&nbsp;_btod_emuld
<LI><a href="#[139]">&gt;&gt;</a>&nbsp;&nbsp;&nbsp;_btod_etento
</UL>
<BR>[Called By]<UL><LI><a href="#[5c]">&gt;&gt;</a>&nbsp;&nbsp;&nbsp;_scanf_really_real
</UL>

<P><STRONG><a name="[14f]"></a>btod_internal_mul</STRONG> (Thumb, 492 bytes, Stack size 56 bytes, C:\Keil_v5\ARM\ARMCLANG\Bin\..\lib\armlib\c_p.l(btod.o)(.text))
<BR><BR>[Stack]<UL><LI>Max Depth = 72<LI>Call Chain = btod_internal_mul &rArr; __ARM_common_ll_muluu
</UL>
<BR>[Calls]<UL><LI><a href="#[150]">&gt;&gt;</a>&nbsp;&nbsp;&nbsp;__ARM_common_ll_muluu
</UL>
<BR>[Called By]<UL><LI><a href="#[13a]">&gt;&gt;</a>&nbsp;&nbsp;&nbsp;_btod_emuld
<LI><a href="#[14d]">&gt;&gt;</a>&nbsp;&nbsp;&nbsp;_btod_emul
</UL>

<P><STRONG><a name="[151]"></a>btod_internal_div</STRONG> (Thumb, 520 bytes, Stack size 64 bytes, C:\Keil_v5\ARM\ARMCLANG\Bin\..\lib\armlib\c_p.l(btod.o)(.text))
<BR><BR>[Stack]<UL><LI>Max Depth = 64<LI>Call Chain = btod_internal_div
</UL>
<BR>[Called By]<UL><LI><a href="#[13b]">&gt;&gt;</a>&nbsp;&nbsp;&nbsp;_btod_edivd
<LI><a href="#[14e]">&gt;&gt;</a>&nbsp;&nbsp;&nbsp;_btod_ediv
</UL>
<P>
<H3>
Undefined Global Symbols
</H3>
<P><STRONG><a name="[134]"></a>__rt_lib_shutdown</STRONG> (ARM, 0 bytes, Stack size 0 bytes, UNDEFINED)
<BR><BR>[Called By]<UL><LI><a href="#[132]">&gt;&gt;</a>&nbsp;&nbsp;&nbsp;abort
</UL>
<HR></body></html>
